Archive member included to satisfy reference by file (symbol)

C:/ST/STM32CubeCLT_1.16.0/GNU-tools-for-STM32/bin/../lib/gcc/arm-none-eabi/12.3.1/../../../../arm-none-eabi/lib/thumb/v7-m/nofp\libc_nano.a(libc_a-exit.o)
                              C:/ST/STM32CubeCLT_1.16.0/GNU-tools-for-STM32/bin/../lib/gcc/arm-none-eabi/12.3.1/../../../../arm-none-eabi/lib/thumb/v7-m/nofp/crt0.o (exit)
C:/ST/STM32CubeCLT_1.16.0/GNU-tools-for-STM32/bin/../lib/gcc/arm-none-eabi/12.3.1/../../../../arm-none-eabi/lib/thumb/v7-m/nofp\libc_nano.a(libc_a-nano-vfprintf_float.o)
                              (_printf_float)
C:/ST/STM32CubeCLT_1.16.0/GNU-tools-for-STM32/bin/../lib/gcc/arm-none-eabi/12.3.1/../../../../arm-none-eabi/lib/thumb/v7-m/nofp\libc_nano.a(libc_a-nano-vfprintf_i.o)
                              C:/ST/STM32CubeCLT_1.16.0/GNU-tools-for-STM32/bin/../lib/gcc/arm-none-eabi/12.3.1/../../../../arm-none-eabi/lib/thumb/v7-m/nofp\libc_nano.a(libc_a-nano-vfprintf_float.o) (_printf_common)
C:/ST/STM32CubeCLT_1.16.0/GNU-tools-for-STM32/bin/../lib/gcc/arm-none-eabi/12.3.1/../../../../arm-none-eabi/lib/thumb/v7-m/nofp\libc_nano.a(libc_a-findfp.o)
                              C:/ST/STM32CubeCLT_1.16.0/GNU-tools-for-STM32/bin/../lib/gcc/arm-none-eabi/12.3.1/../../../../arm-none-eabi/lib/thumb/v7-m/nofp\libc_nano.a(libc_a-exit.o) (__stdio_exit_handler)
C:/ST/STM32CubeCLT_1.16.0/GNU-tools-for-STM32/bin/../lib/gcc/arm-none-eabi/12.3.1/../../../../arm-none-eabi/lib/thumb/v7-m/nofp\libc_nano.a(libc_a-fwalk.o)
                              C:/ST/STM32CubeCLT_1.16.0/GNU-tools-for-STM32/bin/../lib/gcc/arm-none-eabi/12.3.1/../../../../arm-none-eabi/lib/thumb/v7-m/nofp\libc_nano.a(libc_a-findfp.o) (_fwalk_sglue)
C:/ST/STM32CubeCLT_1.16.0/GNU-tools-for-STM32/bin/../lib/gcc/arm-none-eabi/12.3.1/../../../../arm-none-eabi/lib/thumb/v7-m/nofp\libc_nano.a(libc_a-stdio.o)
                              C:/ST/STM32CubeCLT_1.16.0/GNU-tools-for-STM32/bin/../lib/gcc/arm-none-eabi/12.3.1/../../../../arm-none-eabi/lib/thumb/v7-m/nofp\libc_nano.a(libc_a-findfp.o) (__sread)
C:/ST/STM32CubeCLT_1.16.0/GNU-tools-for-STM32/bin/../lib/gcc/arm-none-eabi/12.3.1/../../../../arm-none-eabi/lib/thumb/v7-m/nofp\libc_nano.a(libc_a-memset.o)
                              C:/ST/STM32CubeCLT_1.16.0/GNU-tools-for-STM32/bin/../lib/gcc/arm-none-eabi/12.3.1/../../../../arm-none-eabi/lib/thumb/v7-m/nofp/crt0.o (memset)
C:/ST/STM32CubeCLT_1.16.0/GNU-tools-for-STM32/bin/../lib/gcc/arm-none-eabi/12.3.1/../../../../arm-none-eabi/lib/thumb/v7-m/nofp\libc_nano.a(libc_a-localeconv.o)
                              C:/ST/STM32CubeCLT_1.16.0/GNU-tools-for-STM32/bin/../lib/gcc/arm-none-eabi/12.3.1/../../../../arm-none-eabi/lib/thumb/v7-m/nofp\libc_nano.a(libc_a-nano-vfprintf_float.o) (_localeconv_r)
C:/ST/STM32CubeCLT_1.16.0/GNU-tools-for-STM32/bin/../lib/gcc/arm-none-eabi/12.3.1/../../../../arm-none-eabi/lib/thumb/v7-m/nofp\libc_nano.a(libc_a-closer.o)
                              C:/ST/STM32CubeCLT_1.16.0/GNU-tools-for-STM32/bin/../lib/gcc/arm-none-eabi/12.3.1/../../../../arm-none-eabi/lib/thumb/v7-m/nofp\libc_nano.a(libc_a-stdio.o) (_close_r)
C:/ST/STM32CubeCLT_1.16.0/GNU-tools-for-STM32/bin/../lib/gcc/arm-none-eabi/12.3.1/../../../../arm-none-eabi/lib/thumb/v7-m/nofp\libc_nano.a(libc_a-reent.o)
                              C:/ST/STM32CubeCLT_1.16.0/GNU-tools-for-STM32/bin/../lib/gcc/arm-none-eabi/12.3.1/../../../../arm-none-eabi/lib/thumb/v7-m/nofp\libc_nano.a(libc_a-closer.o) (errno)
C:/ST/STM32CubeCLT_1.16.0/GNU-tools-for-STM32/bin/../lib/gcc/arm-none-eabi/12.3.1/../../../../arm-none-eabi/lib/thumb/v7-m/nofp\libc_nano.a(libc_a-impure.o)
                              C:/ST/STM32CubeCLT_1.16.0/GNU-tools-for-STM32/bin/../lib/gcc/arm-none-eabi/12.3.1/../../../../arm-none-eabi/lib/thumb/v7-m/nofp\libc_nano.a(libc_a-reent.o) (_impure_ptr)
C:/ST/STM32CubeCLT_1.16.0/GNU-tools-for-STM32/bin/../lib/gcc/arm-none-eabi/12.3.1/../../../../arm-none-eabi/lib/thumb/v7-m/nofp\libc_nano.a(libc_a-lseekr.o)
                              C:/ST/STM32CubeCLT_1.16.0/GNU-tools-for-STM32/bin/../lib/gcc/arm-none-eabi/12.3.1/../../../../arm-none-eabi/lib/thumb/v7-m/nofp\libc_nano.a(libc_a-stdio.o) (_lseek_r)
C:/ST/STM32CubeCLT_1.16.0/GNU-tools-for-STM32/bin/../lib/gcc/arm-none-eabi/12.3.1/../../../../arm-none-eabi/lib/thumb/v7-m/nofp\libc_nano.a(libc_a-readr.o)
                              C:/ST/STM32CubeCLT_1.16.0/GNU-tools-for-STM32/bin/../lib/gcc/arm-none-eabi/12.3.1/../../../../arm-none-eabi/lib/thumb/v7-m/nofp\libc_nano.a(libc_a-stdio.o) (_read_r)
C:/ST/STM32CubeCLT_1.16.0/GNU-tools-for-STM32/bin/../lib/gcc/arm-none-eabi/12.3.1/../../../../arm-none-eabi/lib/thumb/v7-m/nofp\libc_nano.a(libc_a-writer.o)
                              C:/ST/STM32CubeCLT_1.16.0/GNU-tools-for-STM32/bin/../lib/gcc/arm-none-eabi/12.3.1/../../../../arm-none-eabi/lib/thumb/v7-m/nofp\libc_nano.a(libc_a-stdio.o) (_write_r)
[...]
Memory Configuration

Name             Origin             Length             Attributes
RAM              0x20000000         0x00005000         xrw
FLASH            0x08000000         0x00020000         xr
*default*        0x00000000         0xffffffff

Linker script and memory map

LOAD C:/ST/STM32CubeCLT_1.16.0/GNU-tools-for-STM32/bin/../lib/gcc/arm-none-eabi/12.3.1/thumb/v7-m/nofp/crti.o
LOAD C:/ST/STM32CubeCLT_1.16.0/GNU-tools-for-STM32/bin/../lib/gcc/arm-none-eabi/12.3.1/thumb/v7-m/nofp/crtbegin.o
LOAD C:/ST/STM32CubeCLT_1.16.0/GNU-tools-for-STM32/bin/../lib/gcc/arm-none-eabi/12.3.1/../../../../arm-none-eabi/lib/thumb/v7-m/nofp/crt0.o
START GROUP
LOAD C:/ST/STM32CubeCLT_1.16.0/GNU-tools-for-STM32/bin/../lib/gcc/arm-none-eabi/12.3.1/../../../../arm-none-eabi/lib/thumb/v7-m/nofp\libc_nano.a
LOAD C:/ST/STM32CubeCLT_1.16.0/GNU-tools-for-STM32/bin/../lib/gcc/arm-none-eabi/12.3.1/../../../../arm-none-eabi/lib/thumb/v7-m/nofp\libm.a
LOAD C:/ST/STM32CubeCLT_1.16.0/GNU-tools-for-STM32/bin/../lib/gcc/arm-none-eabi/12.3.1/../../../../arm-none-eabi/lib/thumb/v7-m/nofp\libstdc++_nano.a
LOAD C:/ST/STM32CubeCLT_1.16.0/GNU-tools-for-STM32/bin/../lib/gcc/arm-none-eabi/12.3.1/../../../../arm-none-eabi/lib/thumb/v7-m/nofp\libsupc++_nano.a
END GROUP
LOAD CMakeFiles/STM32_NUCLEO_LL_Project_LCD_22_02_2025.dir/Core/Src/main.c.obj
LOAD CMakeFiles/STM32_NUCLEO_LL_Project_LCD_22_02_2025.dir/Core/Src/nt_encoder.c.obj
LOAD CMakeFiles/STM32_NUCLEO_LL_Project_LCD_22_02_2025.dir/Core/Src/nt_debounce.c.obj
LOAD CMakeFiles/STM32_NUCLEO_LL_Project_LCD_22_02_2025.dir/Core/Src/nt_time_utils.c.obj
LOAD CMakeFiles/STM32_NUCLEO_LL_Project_LCD_22_02_2025.dir/Core/Src/nt_system_init.c.obj
LOAD CMakeFiles/STM32_NUCLEO_LL_Project_LCD_22_02_2025.dir/Core/Src/nt_time.c.obj
LOAD CMakeFiles/STM32_NUCLEO_LL_Project_LCD_22_02_2025.dir/Core/Src/nt_gpio.c.obj
LOAD CMakeFiles/STM32_NUCLEO_LL_Project_LCD_22_02_2025.dir/Core/Src/nt_usart.c.obj
LOAD CMakeFiles/STM32_NUCLEO_LL_Project_LCD_22_02_2025.dir/Core/Src/nt_LCD_1602.c.obj
LOAD CMakeFiles/STM32_NUCLEO_LL_Project_LCD_22_02_2025.dir/Core/Src/stm32f1xx_it.c.obj
LOAD CMakeFiles/STM32_NUCLEO_LL_Project_LCD_22_02_2025.dir/Core/Src/syscalls.c.obj
LOAD CMakeFiles/STM32_NUCLEO_LL_Project_LCD_22_02_2025.dir/Core/Src/sysmem.c.obj
LOAD CMakeFiles/STM32_NUCLEO_LL_Project_LCD_22_02_2025.dir/Core/Src/system_stm32f1xx.c.obj
LOAD CMakeFiles/STM32_NUCLEO_LL_Project_LCD_22_02_2025.dir/Core/Startup/startup_stm32f103rbtx.s.obj
LOAD CMakeFiles/STM32_NUCLEO_LL_Project_LCD_22_02_2025.dir/Drivers/STM32F1xx_HAL_Driver/Src/stm32f1xx_ll_dma.c.obj
LOAD CMakeFiles/STM32_NUCLEO_LL_Project_LCD_22_02_2025.dir/Drivers/STM32F1xx_HAL_Driver/Src/stm32f1xx_ll_exti.c.obj
LOAD CMakeFiles/STM32_NUCLEO_LL_Project_LCD_22_02_2025.dir/Drivers/STM32F1xx_HAL_Driver/Src/stm32f1xx_ll_gpio.c.obj
LOAD CMakeFiles/STM32_NUCLEO_LL_Project_LCD_22_02_2025.dir/Drivers/STM32F1xx_HAL_Driver/Src/stm32f1xx_ll_pwr.c.obj
LOAD CMakeFiles/STM32_NUCLEO_LL_Project_LCD_22_02_2025.dir/Drivers/STM32F1xx_HAL_Driver/Src/stm32f1xx_ll_rcc.c.obj
LOAD CMakeFiles/STM32_NUCLEO_LL_Project_LCD_22_02_2025.dir/Drivers/STM32F1xx_HAL_Driver/Src/stm32f1xx_ll_tim.c.obj
LOAD CMakeFiles/STM32_NUCLEO_LL_Project_LCD_22_02_2025.dir/Drivers/STM32F1xx_HAL_Driver/Src/stm32f1xx_ll_usart.c.obj
LOAD CMakeFiles/STM32_NUCLEO_LL_Project_LCD_22_02_2025.dir/Drivers/STM32F1xx_HAL_Driver/Src/stm32f1xx_ll_utils.c.obj
LOAD CMakeFiles/STM32_NUCLEO_LL_Project_LCD_22_02_2025.dir/lwbtn/src/lwbtn/lwbtn.c.obj
LOAD CMakeFiles/STM32_NUCLEO_LL_Project_LCD_22_02_2025.dir/lwprintf/src/lwprintf/lwprintf.c.obj
START GROUP
LOAD C:/ST/STM32CubeCLT_1.16.0/GNU-tools-for-STM32/bin/../lib/gcc/arm-none-eabi/12.3.1/thumb/v7-m/nofp\libgcc.a
LOAD C:/ST/STM32CubeCLT_1.16.0/GNU-tools-for-STM32/bin/../lib/gcc/arm-none-eabi/12.3.1/../../../../arm-none-eabi/lib/thumb/v7-m/nofp\libc_nano.a
END GROUP
START GROUP
LOAD C:/ST/STM32CubeCLT_1.16.0/GNU-tools-for-STM32/bin/../lib/gcc/arm-none-eabi/12.3.1/thumb/v7-m/nofp\libgcc.a
LOAD C:/ST/STM32CubeCLT_1.16.0/GNU-tools-for-STM32/bin/../lib/gcc/arm-none-eabi/12.3.1/../../../../arm-none-eabi/lib/thumb/v7-m/nofp\libc_nano.a
LOAD C:/ST/STM32CubeCLT_1.16.0/GNU-tools-for-STM32/bin/../lib/gcc/arm-none-eabi/12.3.1/../../../../arm-none-eabi/lib/thumb/v7-m/nofp\libnosys.a
END GROUP
START GROUP
LOAD C:/ST/STM32CubeCLT_1.16.0/GNU-tools-for-STM32/bin/../lib/gcc/arm-none-eabi/12.3.1/thumb/v7-m/nofp\libgcc.a
LOAD C:/ST/STM32CubeCLT_1.16.0/GNU-tools-for-STM32/bin/../lib/gcc/arm-none-eabi/12.3.1/../../../../arm-none-eabi/lib/thumb/v7-m/nofp\libc_nano.a
LOAD C:/ST/STM32CubeCLT_1.16.0/GNU-tools-for-STM32/bin/../lib/gcc/arm-none-eabi/12.3.1/../../../../arm-none-eabi/lib/thumb/v7-m/nofp\libnosys.a
END GROUP
LOAD C:/ST/STM32CubeCLT_1.16.0/GNU-tools-for-STM32/bin/../lib/gcc/arm-none-eabi/12.3.1/thumb/v7-m/nofp/crtend.o
LOAD C:/ST/STM32CubeCLT_1.16.0/GNU-tools-for-STM32/bin/../lib/gcc/arm-none-eabi/12.3.1/thumb/v7-m/nofp/crtn.o
                0x20005000                        _estack = (ORIGIN (RAM) + LENGTH (RAM))
                0x00000200                        _Min_Heap_Size = 0x200
                0x00000400                        _Min_Stack_Size = 0x400

.isr_vector     0x08000000      0x10c
                0x08000000                        . = ALIGN (0x4)
 *(.isr_vector)
 .isr_vector    0x08000000      0x10c CMakeFiles/STM32_NUCLEO_LL_Project_LCD_22_02_2025.dir/Core/Startup/startup_stm32f103rbtx.s.obj
                0x08000000                g_pfnVectors
                0x0800010c                        . = ALIGN (0x4)

.text           0x08000110     0x5df0
                0x08000110                        . = ALIGN (0x4)
 *(.text)
 .text          0x08000110       0x40 C:/ST/STM32CubeCLT_1.16.0/GNU-tools-for-STM32/bin/../lib/gcc/arm-none-eabi/12.3.1/thumb/v7-m/nofp/crtbegin.o
 .text          0x08000150       0x10 C:/ST/STM32CubeCLT_1.16.0/GNU-tools-for-STM32/bin/../lib/gcc/arm-none-eabi/12.3.1/../../../../arm-none-eabi/lib/thumb/v7-m/nofp\libc_nano.a(libc_a-strlen.o)
                0x08000150                strlen
 .text          0x08000160      0x378 C:/ST/STM32CubeCLT_1.16.0/GNU-tools-for-STM32/bin/../lib/gcc/arm-none-eabi/12.3.1/thumb/v7-m/nofp\libgcc.a(_arm_addsubdf3.o)
                0x08000160                __aeabi_drsub
                0x08000168                __aeabi_dsub
                0x08000168                __subdf3
                0x0800016c                __aeabi_dadd
                0x0800016c                __adddf3
                0x080003e4                __floatunsidf
                0x080003e4                __aeabi_ui2d
                0x08000404                __floatsidf
                0x08000404                __aeabi_i2d
                0x08000428                __aeabi_f2d
                0x08000428                __extendsfdf2
                0x0800046c                __floatundidf
                0x0800046c                __aeabi_ul2d
                0x0800047c                __floatdidf
                0x0800047c                __aeabi_l2d
 .text          0x080004d8      0x424 C:/ST/STM32CubeCLT_1.16.0/GNU-tools-for-STM32/bin/../lib/gcc/arm-none-eabi/12.3.1/thumb/v7-m/nofp\libgcc.a(_arm_muldivdf3.o)
                0x080004d8                __aeabi_dmul
                0x080004d8                __muldf3
                0x0800072c                __divdf3
                0x0800072c                __aeabi_ddiv
 .text          0x080008fc      0x110 C:/ST/STM32CubeCLT_1.16.0/GNU-tools-for-STM32/bin/../lib/gcc/arm-none-eabi/12.3.1/thumb/v7-m/nofp\libgcc.a(_arm_cmpdf2.o)
                0x080008fc                __gtdf2
                0x080008fc                __gedf2
                0x08000904                __ltdf2
                0x08000904                __ledf2
                0x0800090c                __nedf2
                0x0800090c                __eqdf2
                0x0800090c                __cmpdf2
                0x08000988                __aeabi_cdrcmple
                0x08000998                __aeabi_cdcmpeq
                0x08000998                __aeabi_cdcmple
                0x080009a8                __aeabi_dcmpeq
                0x080009bc                __aeabi_dcmplt
                0x080009d0                __aeabi_dcmple
                0x080009e4                __aeabi_dcmpge
                0x080009f8                __aeabi_dcmpgt
 .text          0x08000a0c       0x2c C:/ST/STM32CubeCLT_1.16.0/GNU-tools-for-STM32/bin/../lib/gcc/arm-none-eabi/12.3.1/thumb/v7-m/nofp\libgcc.a(_arm_unorddf2.o)
                0x08000a0c                __unorddf2
                0x08000a0c                __aeabi_dcmpun
 .text          0x08000a38       0x50 C:/ST/STM32CubeCLT_1.16.0/GNU-tools-for-STM32/bin/../lib/gcc/arm-none-eabi/12.3.1/thumb/v7-m/nofp\libgcc.a(_arm_fixdfsi.o)
                0x08000a38                __aeabi_d2iz
                0x08000a38                __fixdfsi
 .text          0x08000a88       0x30 C:/ST/STM32CubeCLT_1.16.0/GNU-tools-for-STM32/bin/../lib/gcc/arm-none-eabi/12.3.1/thumb/v7-m/nofp\libgcc.a(_aeabi_uldivmod.o)
                0x08000a88                __aeabi_uldivmod
 .text          0x08000ab8       0x30 C:/ST/STM32CubeCLT_1.16.0/GNU-tools-for-STM32/bin/../lib/gcc/arm-none-eabi/12.3.1/thumb/v7-m/nofp\libgcc.a(_fixdfdi.o)
                0x08000ab8                __fixdfdi
                0x08000ab8                __aeabi_d2lz
 .text          0x08000ae8       0x3c C:/ST/STM32CubeCLT_1.16.0/GNU-tools-for-STM32/bin/../lib/gcc/arm-none-eabi/12.3.1/thumb/v7-m/nofp\libgcc.a(_fixunsdfdi.o)
                0x08000ae8                __fixunsdfdi
                0x08000ae8                __aeabi_d2ulz
 .text          0x08000b24      0x2b8 C:/ST/STM32CubeCLT_1.16.0/GNU-tools-for-STM32/bin/../lib/gcc/arm-none-eabi/12.3.1/thumb/v7-m/nofp\libgcc.a(_udivmoddi4.o)
                0x08000b24                __udivmoddi4
 .text          0x08000ddc        0x4 C:/ST/STM32CubeCLT_1.16.0/GNU-tools-for-STM32/bin/../lib/gcc/arm-none-eabi/12.3.1/thumb/v7-m/nofp\libgcc.a(_dvmd_tls.o)
                0x08000ddc                __aeabi_idiv0
                0x08000ddc                __aeabi_ldiv0
 .text          0x08000de0       0x40 C:/ST/STM32CubeCLT_1.16.0/GNU-tools-for-STM32/bin/../lib/gcc/arm-none-eabi/12.3.1/thumb/v7-m/nofp\libgcc.a(_arm_fixunsdfsi.o)
                0x08000de0                __aeabi_d2uiz
                0x08000de0                __fixunsdfsi
 *(.text*)
 .text.__cvt    0x08000e20       0xc8 C:/ST/STM32CubeCLT_1.16.0/GNU-tools-for-STM32/bin/../lib/gcc/arm-none-eabi/12.3.1/../../../../arm-none-eabi/lib/thumb/v7-m/nofp\libc_nano.a(libc_a-nano-vfprintf_float.o)
                0x08000e20                __cvt
 .text.__exponent
                0x08000ee8       0x74 C:/ST/STM32CubeCLT_1.16.0/GNU-tools-for-STM32/bin/../lib/gcc/arm-none-eabi/12.3.1/../../../../arm-none-eabi/lib/thumb/v7-m/nofp\libc_nano.a(libc_a-nano-vfprintf_float.o)
                0x08000ee8                __exponent
 .text._printf_float
                0x08000f5c      0x458 C:/ST/STM32CubeCLT_1.16.0/GNU-tools-for-STM32/bin/../lib/gcc/arm-none-eabi/12.3.1/../../../../arm-none-eabi/lib/thumb/v7-m/nofp\libc_nano.a(libc_a-nano-vfprintf_float.o)
                0x08000f5c                _printf_float
 .text._printf_common
                0x080013b4       0xe4 C:/ST/STM32CubeCLT_1.16.0/GNU-tools-for-STM32/bin/../lib/gcc/arm-none-eabi/12.3.1/../../../../arm-none-eabi/lib/thumb/v7-m/nofp\libc_nano.a(libc_a-nano-vfprintf_i.o)
                0x080013b4                _printf_common
 .text._printf_i
                0x08001498      0x240 C:/ST/STM32CubeCLT_1.16.0/GNU-tools-for-STM32/bin/../lib/gcc/arm-none-eabi/12.3.1/../../../../arm-none-eabi/lib/thumb/v7-m/nofp\libc_nano.a(libc_a-nano-vfprintf_i.o)
                0x08001498                _printf_i
 .text.std      0x080016d8       0x6c C:/ST/STM32CubeCLT_1.16.0/GNU-tools-for-STM32/bin/../lib/gcc/arm-none-eabi/12.3.1/../../../../arm-none-eabi/lib/thumb/v7-m/nofp\libc_nano.a(libc_a-findfp.o)
 .text.stdio_exit_handler
                0x08001744       0x18 C:/ST/STM32CubeCLT_1.16.0/GNU-tools-for-STM32/bin/../lib/gcc/arm-none-eabi/12.3.1/../../../../arm-none-eabi/lib/thumb/v7-m/nofp\libc_nano.a(libc_a-findfp.o)
 .text.cleanup_stdio
                0x0800175c       0x40 C:/ST/STM32CubeCLT_1.16.0/GNU-tools-for-STM32/bin/../lib/gcc/arm-none-eabi/12.3.1/../../../../arm-none-eabi/lib/thumb/v7-m/nofp\libc_nano.a(libc_a-findfp.o)
 .text.global_stdio_init.part.0
                0x0800179c       0x3c C:/ST/STM32CubeCLT_1.16.0/GNU-tools-for-STM32/bin/../lib/gcc/arm-none-eabi/12.3.1/../../../../arm-none-eabi/lib/thumb/v7-m/nofp\libc_nano.a(libc_a-findfp.o)
 .text.__sfp_lock_acquire
                0x080017d8        0xc C:/ST/STM32CubeCLT_1.16.0/GNU-tools-for-STM32/bin/../lib/gcc/arm-none-eabi/12.3.1/../../../../arm-none-eabi/lib/thumb/v7-m/nofp\libc_nano.a(libc_a-findfp.o)
                0x080017d8                __sfp_lock_acquire
 .text.__sfp_lock_release
                0x080017e4        0xc C:/ST/STM32CubeCLT_1.16.0/GNU-tools-for-STM32/bin/../lib/gcc/arm-none-eabi/12.3.1/../../../../arm-none-eabi/lib/thumb/v7-m/nofp\libc_nano.a(libc_a-findfp.o)
                0x080017e4                __sfp_lock_release
 .text.__sinit  0x080017f0       0x30 C:/ST/STM32CubeCLT_1.16.0/GNU-tools-for-STM32/bin/../lib/gcc/arm-none-eabi/12.3.1/../../../../arm-none-eabi/lib/thumb/v7-m/nofp\libc_nano.a(libc_a-findfp.o)
                0x080017f0                __sinit
 .text._fwalk_sglue
                0x08001820       0x3c C:/ST/STM32CubeCLT_1.16.0/GNU-tools-for-STM32/bin/../lib/gcc/arm-none-eabi/12.3.1/../../../../arm-none-eabi/lib/thumb/v7-m/nofp\libc_nano.a(libc_a-fwalk.o)
                0x08001820                _fwalk_sglue
 .text.__sread  0x0800185c       0x22 C:/ST/STM32CubeCLT_1.16.0/GNU-tools-for-STM32/bin/../lib/gcc/arm-none-eabi/12.3.1/../../../../arm-none-eabi/lib/thumb/v7-m/nofp\libc_nano.a(libc_a-stdio.o)
                0x0800185c                __sread
 .text.__swrite
                0x0800187e       0x38 C:/ST/STM32CubeCLT_1.16.0/GNU-tools-for-STM32/bin/../lib/gcc/arm-none-eabi/12.3.1/../../../../arm-none-eabi/lib/thumb/v7-m/nofp\libc_nano.a(libc_a-stdio.o)
                0x0800187e                __swrite
 .text.__sseek  0x080018b6       0x24 C:/ST/STM32CubeCLT_1.16.0/GNU-tools-for-STM32/bin/../lib/gcc/arm-none-eabi/12.3.1/../../../../arm-none-eabi/lib/thumb/v7-m/nofp\libc_nano.a(libc_a-stdio.o)
                0x080018b6                __sseek
 .text.__sclose
                0x080018da        0x8 C:/ST/STM32CubeCLT_1.16.0/GNU-tools-for-STM32/bin/../lib/gcc/arm-none-eabi/12.3.1/../../../../arm-none-eabi/lib/thumb/v7-m/nofp\libc_nano.a(libc_a-stdio.o)
                0x080018da                __sclose
 .text.memset   0x080018e2       0x10 C:/ST/STM32CubeCLT_1.16.0/GNU-tools-for-STM32/bin/../lib/gcc/arm-none-eabi/12.3.1/../../../../arm-none-eabi/lib/thumb/v7-m/nofp\libc_nano.a(libc_a-memset.o)
                0x080018e2                memset
 *fill*         0x080018f2        0x2 
 .text._localeconv_r
                0x080018f4        0x8 C:/ST/STM32CubeCLT_1.16.0/GNU-tools-for-STM32/bin/../lib/gcc/arm-none-eabi/12.3.1/../../../../arm-none-eabi/lib/thumb/v7-m/nofp\libc_nano.a(libc_a-localeconv.o)
                0x080018f4                _localeconv_r
 .text._close_r
                0x080018fc       0x20 C:/ST/STM32CubeCLT_1.16.0/GNU-tools-for-STM32/bin/../lib/gcc/arm-none-eabi/12.3.1/../../../../arm-none-eabi/lib/thumb/v7-m/nofp\libc_nano.a(libc_a-closer.o)
                0x080018fc                _close_r
 .text._lseek_r
                0x0800191c       0x24 C:/ST/STM32CubeCLT_1.16.0/GNU-tools-for-STM32/bin/../lib/gcc/arm-none-eabi/12.3.1/../../../../arm-none-eabi/lib/thumb/v7-m/nofp\libc_nano.a(libc_a-lseekr.o)
                0x0800191c                _lseek_r
 .text._read_r  0x08001940       0x24 C:/ST/STM32CubeCLT_1.16.0/GNU-tools-for-STM32/bin/../lib/gcc/arm-none-eabi/12.3.1/../../../../arm-none-eabi/lib/thumb/v7-m/nofp\libc_nano.a(libc_a-readr.o)
                0x08001940                _read_r
 .text._write_r
                0x08001964       0x24 C:/ST/STM32CubeCLT_1.16.0/GNU-tools-for-STM32/bin/../lib/gcc/arm-none-eabi/12.3.1/../../../../arm-none-eabi/lib/thumb/v7-m/nofp\libc_nano.a(libc_a-writer.o)
                0x08001964                _write_r
 .text.__libc_init_array
                0x08001988       0x48 C:/ST/STM32CubeCLT_1.16.0/GNU-tools-for-STM32/bin/../lib/gcc/arm-none-eabi/12.3.1/../../../../arm-none-eabi/lib/thumb/v7-m/nofp\libc_nano.a(libc_a-init.o)
                0x08001988                __libc_init_array
 .text.__retarget_lock_init_recursive
                0x080019d0        0x2 C:/ST/STM32CubeCLT_1.16.0/GNU-tools-for-STM32/bin/../lib/gcc/arm-none-eabi/12.3.1/../../../../arm-none-eabi/lib/thumb/v7-m/nofp\libc_nano.a(libc_a-lock.o)
                0x080019d0                __retarget_lock_init_recursive
 .text.__retarget_lock_acquire_recursive
                0x080019d2        0x2 C:/ST/STM32CubeCLT_1.16.0/GNU-tools-for-STM32/bin/../lib/gcc/arm-none-eabi/12.3.1/../../../../arm-none-eabi/lib/thumb/v7-m/nofp\libc_nano.a(libc_a-lock.o)
                0x080019d2                __retarget_lock_acquire_recursive
 .text.__retarget_lock_release_recursive
                0x080019d4        0x2 C:/ST/STM32CubeCLT_1.16.0/GNU-tools-for-STM32/bin/../lib/gcc/arm-none-eabi/12.3.1/../../../../arm-none-eabi/lib/thumb/v7-m/nofp\libc_nano.a(libc_a-lock.o)
                0x080019d4                __retarget_lock_release_recursive
 .text.memchr   0x080019d6       0x1c C:/ST/STM32CubeCLT_1.16.0/GNU-tools-for-STM32/bin/../lib/gcc/arm-none-eabi/12.3.1/../../../../arm-none-eabi/lib/thumb/v7-m/nofp\libc_nano.a(libc_a-memchr-stub.o)
                0x080019d6                memchr
 .text.quorem   0x080019f2      0x110 C:/ST/STM32CubeCLT_1.16.0/GNU-tools-for-STM32/bin/../lib/gcc/arm-none-eabi/12.3.1/../../../../arm-none-eabi/lib/thumb/v7-m/nofp\libc_nano.a(libc_a-dtoa.o)
 *fill*         0x08001b02        0x6 
 .text._dtoa_r  0x08001b08      0xb90 C:/ST/STM32CubeCLT_1.16.0/GNU-tools-for-STM32/bin/../lib/gcc/arm-none-eabi/12.3.1/../../../../arm-none-eabi/lib/thumb/v7-m/nofp\libc_nano.a(libc_a-dtoa.o)
                0x08001b08                _dtoa_r
 .text._free_r  0x08002698       0x90 C:/ST/STM32CubeCLT_1.16.0/GNU-tools-for-STM32/bin/../lib/gcc/arm-none-eabi/12.3.1/../../../../arm-none-eabi/lib/thumb/v7-m/nofp\libc_nano.a(libc_a-freer.o)
                0x08002698                _free_r
 .text.malloc   0x08002728       0x10 C:/ST/STM32CubeCLT_1.16.0/GNU-tools-for-STM32/bin/../lib/gcc/arm-none-eabi/12.3.1/../../../../arm-none-eabi/lib/thumb/v7-m/nofp\libc_nano.a(libc_a-malloc.o)
                0x08002728                malloc
 .text.sbrk_aligned
                0x08002738       0x44 C:/ST/STM32CubeCLT_1.16.0/GNU-tools-for-STM32/bin/../lib/gcc/arm-none-eabi/12.3.1/../../../../arm-none-eabi/lib/thumb/v7-m/nofp\libc_nano.a(libc_a-mallocr.o)
 .text._malloc_r
                0x0800277c      0x100 C:/ST/STM32CubeCLT_1.16.0/GNU-tools-for-STM32/bin/../lib/gcc/arm-none-eabi/12.3.1/../../../../arm-none-eabi/lib/thumb/v7-m/nofp\libc_nano.a(libc_a-mallocr.o)
                0x0800277c                _malloc_r
 .text.__malloc_lock
                0x0800287c        0xc C:/ST/STM32CubeCLT_1.16.0/GNU-tools-for-STM32/bin/../lib/gcc/arm-none-eabi/12.3.1/../../../../arm-none-eabi/lib/thumb/v7-m/nofp\libc_nano.a(libc_a-mlock.o)
                0x0800287c                __malloc_lock
 .text.__malloc_unlock
                0x08002888        0xc C:/ST/STM32CubeCLT_1.16.0/GNU-tools-for-STM32/bin/../lib/gcc/arm-none-eabi/12.3.1/../../../../arm-none-eabi/lib/thumb/v7-m/nofp\libc_nano.a(libc_a-mlock.o)
                0x08002888                __malloc_unlock
 .text._Balloc  0x08002894       0x80 C:/ST/STM32CubeCLT_1.16.0/GNU-tools-for-STM32/bin/../lib/gcc/arm-none-eabi/12.3.1/../../../../arm-none-eabi/lib/thumb/v7-m/nofp\libc_nano.a(libc_a-mprec.o)
                0x08002894                _Balloc
 .text._Bfree   0x08002914       0x44 C:/ST/STM32CubeCLT_1.16.0/GNU-tools-for-STM32/bin/../lib/gcc/arm-none-eabi/12.3.1/../../../../arm-none-eabi/lib/thumb/v7-m/nofp\libc_nano.a(libc_a-mprec.o)
                0x08002914                _Bfree
 .text.__multadd
                0x08002958       0x8c C:/ST/STM32CubeCLT_1.16.0/GNU-tools-for-STM32/bin/../lib/gcc/arm-none-eabi/12.3.1/../../../../arm-none-eabi/lib/thumb/v7-m/nofp\libc_nano.a(libc_a-mprec.o)
                0x08002958                __multadd
 .text.__hi0bits
                0x080029e4       0x3e C:/ST/STM32CubeCLT_1.16.0/GNU-tools-for-STM32/bin/../lib/gcc/arm-none-eabi/12.3.1/../../../../arm-none-eabi/lib/thumb/v7-m/nofp\libc_nano.a(libc_a-mprec.o)
                0x080029e4                __hi0bits
 .text.__lo0bits
                0x08002a22       0x5a C:/ST/STM32CubeCLT_1.16.0/GNU-tools-for-STM32/bin/../lib/gcc/arm-none-eabi/12.3.1/../../../../arm-none-eabi/lib/thumb/v7-m/nofp\libc_nano.a(libc_a-mprec.o)
                0x08002a22                __lo0bits
 .text.__i2b    0x08002a7c       0x2c C:/ST/STM32CubeCLT_1.16.0/GNU-tools-for-STM32/bin/../lib/gcc/arm-none-eabi/12.3.1/../../../../arm-none-eabi/lib/thumb/v7-m/nofp\libc_nano.a(libc_a-mprec.o)
                0x08002a7c                __i2b
 .text.__multiply
                0x08002aa8      0x150 C:/ST/STM32CubeCLT_1.16.0/GNU-tools-for-STM32/bin/../lib/gcc/arm-none-eabi/12.3.1/../../../../arm-none-eabi/lib/thumb/v7-m/nofp\libc_nano.a(libc_a-mprec.o)
                0x08002aa8                __multiply
 .text.__pow5mult
                0x08002bf8       0xb4 C:/ST/STM32CubeCLT_1.16.0/GNU-tools-for-STM32/bin/../lib/gcc/arm-none-eabi/12.3.1/../../../../arm-none-eabi/lib/thumb/v7-m/nofp\libc_nano.a(libc_a-mprec.o)
                0x08002bf8                __pow5mult
 .text.__lshift
                0x08002cac       0xd8 C:/ST/STM32CubeCLT_1.16.0/GNU-tools-for-STM32/bin/../lib/gcc/arm-none-eabi/12.3.1/../../../../arm-none-eabi/lib/thumb/v7-m/nofp\libc_nano.a(libc_a-mprec.o)
                0x08002cac                __lshift
 .text.__mcmp   0x08002d84       0x36 C:/ST/STM32CubeCLT_1.16.0/GNU-tools-for-STM32/bin/../lib/gcc/arm-none-eabi/12.3.1/../../../../arm-none-eabi/lib/thumb/v7-m/nofp\libc_nano.a(libc_a-mprec.o)
                0x08002d84                __mcmp
 *fill*         0x08002dba        0x2 
 .text.__mdiff  0x08002dbc      0x128 C:/ST/STM32CubeCLT_1.16.0/GNU-tools-for-STM32/bin/../lib/gcc/arm-none-eabi/12.3.1/../../../../arm-none-eabi/lib/thumb/v7-m/nofp\libc_nano.a(libc_a-mprec.o)
                0x08002dbc                __mdiff
 .text.__d2b    0x08002ee4       0xb0 C:/ST/STM32CubeCLT_1.16.0/GNU-tools-for-STM32/bin/../lib/gcc/arm-none-eabi/12.3.1/../../../../arm-none-eabi/lib/thumb/v7-m/nofp\libc_nano.a(libc_a-mprec.o)
                0x08002ee4                __d2b
 .text.__sflush_r
                0x08002f94      0x100 C:/ST/STM32CubeCLT_1.16.0/GNU-tools-for-STM32/bin/../lib/gcc/arm-none-eabi/12.3.1/../../../../arm-none-eabi/lib/thumb/v7-m/nofp\libc_nano.a(libc_a-fflush.o)
                0x08002f94                __sflush_r
 .text._fflush_r
                0x08003094       0x50 C:/ST/STM32CubeCLT_1.16.0/GNU-tools-for-STM32/bin/../lib/gcc/arm-none-eabi/12.3.1/../../../../arm-none-eabi/lib/thumb/v7-m/nofp\libc_nano.a(libc_a-fflush.o)
                0x08003094                _fflush_r
 .text._sbrk_r  0x080030e4       0x20 C:/ST/STM32CubeCLT_1.16.0/GNU-tools-for-STM32/bin/../lib/gcc/arm-none-eabi/12.3.1/../../../../arm-none-eabi/lib/thumb/v7-m/nofp\libc_nano.a(libc_a-sbrkr.o)
                0x080030e4                _sbrk_r
 .text.memcpy   0x08003104       0x1c C:/ST/STM32CubeCLT_1.16.0/GNU-tools-for-STM32/bin/../lib/gcc/arm-none-eabi/12.3.1/../../../../arm-none-eabi/lib/thumb/v7-m/nofp\libc_nano.a(libc_a-memcpy-stub.o)
                0x08003104                memcpy
 .text.__assert_func
                0x08003120       0x3c C:/ST/STM32CubeCLT_1.16.0/GNU-tools-for-STM32/bin/../lib/gcc/arm-none-eabi/12.3.1/../../../../arm-none-eabi/lib/thumb/v7-m/nofp\libc_nano.a(libc_a-assert.o)
                0x08003120                __assert_func
 .text._calloc_r
                0x0800315c       0x28 C:/ST/STM32CubeCLT_1.16.0/GNU-tools-for-STM32/bin/../lib/gcc/arm-none-eabi/12.3.1/../../../../arm-none-eabi/lib/thumb/v7-m/nofp\libc_nano.a(libc_a-callocr.o)
                0x0800315c                _calloc_r
 .text.__ascii_mbtowc
                0x08003184       0x24 C:/ST/STM32CubeCLT_1.16.0/GNU-tools-for-STM32/bin/../lib/gcc/arm-none-eabi/12.3.1/../../../../arm-none-eabi/lib/thumb/v7-m/nofp\libc_nano.a(libc_a-mbtowc_r.o)
                0x08003184                __ascii_mbtowc
 .text.__ascii_wctomb
                0x080031a8       0x1a C:/ST/STM32CubeCLT_1.16.0/GNU-tools-for-STM32/bin/../lib/gcc/arm-none-eabi/12.3.1/../../../../arm-none-eabi/lib/thumb/v7-m/nofp\libc_nano.a(libc_a-wctomb_r.o)
                0x080031a8                __ascii_wctomb
 *fill*         0x080031c2        0x2 
 .text.fprintf  0x080031c4       0x24 C:/ST/STM32CubeCLT_1.16.0/GNU-tools-for-STM32/bin/../lib/gcc/arm-none-eabi/12.3.1/../../../../arm-none-eabi/lib/thumb/v7-m/nofp\libc_nano.a(libc_a-fprintf.o)
                0x080031c4                fiprintf
                0x080031c4                fprintf
 .text.abort    0x080031e8        0xe C:/ST/STM32CubeCLT_1.16.0/GNU-tools-for-STM32/bin/../lib/gcc/arm-none-eabi/12.3.1/../../../../arm-none-eabi/lib/thumb/v7-m/nofp\libc_nano.a(libc_a-abort.o)
                0x080031e8                abort
 .text.__sfputc_r
                0x080031f6       0x2a C:/ST/STM32CubeCLT_1.16.0/GNU-tools-for-STM32/bin/../lib/gcc/arm-none-eabi/12.3.1/../../../../arm-none-eabi/lib/thumb/v7-m/nofp\libc_nano.a(libc_a-nano-vfprintf.o)
 .text.__sfputs_r
                0x08003220       0x24 C:/ST/STM32CubeCLT_1.16.0/GNU-tools-for-STM32/bin/../lib/gcc/arm-none-eabi/12.3.1/../../../../arm-none-eabi/lib/thumb/v7-m/nofp\libc_nano.a(libc_a-nano-vfprintf.o)
                0x08003220                __sfputs_r
 .text._vfprintf_r
                0x08003244      0x230 C:/ST/STM32CubeCLT_1.16.0/GNU-tools-for-STM32/bin/../lib/gcc/arm-none-eabi/12.3.1/../../../../arm-none-eabi/lib/thumb/v7-m/nofp\libc_nano.a(libc_a-nano-vfprintf.o)
                0x08003244                _vfprintf_r
                0x08003244                _vfiprintf_r
 .text.__swbuf_r
                0x08003474       0x7c C:/ST/STM32CubeCLT_1.16.0/GNU-tools-for-STM32/bin/../lib/gcc/arm-none-eabi/12.3.1/../../../../arm-none-eabi/lib/thumb/v7-m/nofp\libc_nano.a(libc_a-wbuf.o)
                0x08003474                __swbuf_r
 .text.__swsetup_r
                0x080034f0       0xac C:/ST/STM32CubeCLT_1.16.0/GNU-tools-for-STM32/bin/../lib/gcc/arm-none-eabi/12.3.1/../../../../arm-none-eabi/lib/thumb/v7-m/nofp\libc_nano.a(libc_a-wsetup.o)
                0x080034f0                __swsetup_r
 .text._raise_r
                0x0800359c       0x50 C:/ST/STM32CubeCLT_1.16.0/GNU-tools-for-STM32/bin/../lib/gcc/arm-none-eabi/12.3.1/../../../../arm-none-eabi/lib/thumb/v7-m/nofp\libc_nano.a(libc_a-signal.o)
                0x0800359c                _raise_r
 .text.raise    0x080035ec       0x10 C:/ST/STM32CubeCLT_1.16.0/GNU-tools-for-STM32/bin/../lib/gcc/arm-none-eabi/12.3.1/../../../../arm-none-eabi/lib/thumb/v7-m/nofp\libc_nano.a(libc_a-signal.o)
                0x080035ec                raise
 .text._kill_r  0x080035fc       0x24 C:/ST/STM32CubeCLT_1.16.0/GNU-tools-for-STM32/bin/../lib/gcc/arm-none-eabi/12.3.1/../../../../arm-none-eabi/lib/thumb/v7-m/nofp\libc_nano.a(libc_a-signalr.o)
                0x080035fc                _kill_r
 .text._getpid_r
                0x08003620        0x4 C:/ST/STM32CubeCLT_1.16.0/GNU-tools-for-STM32/bin/../lib/gcc/arm-none-eabi/12.3.1/../../../../arm-none-eabi/lib/thumb/v7-m/nofp\libc_nano.a(libc_a-signalr.o)
                0x08003620                _getpid_r
 .text.__swhatbuf_r
                0x08003624       0x4a C:/ST/STM32CubeCLT_1.16.0/GNU-tools-for-STM32/bin/../lib/gcc/arm-none-eabi/12.3.1/../../../../arm-none-eabi/lib/thumb/v7-m/nofp\libc_nano.a(libc_a-makebuf.o)
                0x08003624                __swhatbuf_r
 .text.__smakebuf_r
                0x0800366e       0x78 C:/ST/STM32CubeCLT_1.16.0/GNU-tools-for-STM32/bin/../lib/gcc/arm-none-eabi/12.3.1/../../../../arm-none-eabi/lib/thumb/v7-m/nofp\libc_nano.a(libc_a-makebuf.o)
                0x0800366e                __smakebuf_r
 *fill*         0x080036e6        0x2 
 .text._fstat_r
                0x080036e8       0x24 C:/ST/STM32CubeCLT_1.16.0/GNU-tools-for-STM32/bin/../lib/gcc/arm-none-eabi/12.3.1/../../../../arm-none-eabi/lib/thumb/v7-m/nofp\libc_nano.a(libc_a-fstatr.o)
                0x080036e8                _fstat_r
 .text._isatty_r
                0x0800370c       0x20 C:/ST/STM32CubeCLT_1.16.0/GNU-tools-for-STM32/bin/../lib/gcc/arm-none-eabi/12.3.1/../../../../arm-none-eabi/lib/thumb/v7-m/nofp\libc_nano.a(libc_a-isattyr.o)
                0x0800370c                _isatty_r
 .text.lwprintf_my_out_func
                0x0800372c       0x14 CMakeFiles/STM32_NUCLEO_LL_Project_LCD_22_02_2025.dir/Core/Src/main.c.obj
 .text.nt_timerCB_CH2
                0x08003740       0x24 CMakeFiles/STM32_NUCLEO_LL_Project_LCD_22_02_2025.dir/Core/Src/main.c.obj
                0x08003740                nt_timerCB_CH2
 .text.main     0x08003764      0x1f0 CMakeFiles/STM32_NUCLEO_LL_Project_LCD_22_02_2025.dir/Core/Src/main.c.obj
                0x08003764                main
 .text.nt_EncoderPinInit
                0x08003954       0x68 CMakeFiles/STM32_NUCLEO_LL_Project_LCD_22_02_2025.dir/Core/Src/nt_encoder.c.obj
                0x08003954                nt_EncoderPinInit
 .text.nt_EncoderPinState
                0x080039bc       0x22 CMakeFiles/STM32_NUCLEO_LL_Project_LCD_22_02_2025.dir/Core/Src/nt_encoder.c.obj
                0x080039bc                nt_EncoderPinState
 *fill*         0x080039de        0x2 
 .text.nt_EncoderRead
                0x080039e0       0xc0 CMakeFiles/STM32_NUCLEO_LL_Project_LCD_22_02_2025.dir/Core/Src/nt_encoder.c.obj
                0x080039e0                nt_EncoderRead
 .text.nt_debounceBtn
                0x08003aa0       0x52 CMakeFiles/STM32_NUCLEO_LL_Project_LCD_22_02_2025.dir/Core/Src/nt_debounce.c.obj
                0x08003aa0                nt_debounceBtn
 .text.nt_waitUs
                0x08003af2       0x16 CMakeFiles/STM32_NUCLEO_LL_Project_LCD_22_02_2025.dir/Core/Src/nt_time_utils.c.obj
                0x08003af2                nt_waitUs
 .text.nt_delayCheckUs_noUpdate
                0x08003b08       0x2c CMakeFiles/STM32_NUCLEO_LL_Project_LCD_22_02_2025.dir/Core/Src/nt_time_utils.c.obj
                0x08003b08                nt_delayCheckUs_noUpdate
 .text.nt_timerInitUs
                0x08003b34       0x30 CMakeFiles/STM32_NUCLEO_LL_Project_LCD_22_02_2025.dir/Core/Src/nt_time_utils.c.obj
                0x08003b34                nt_timerInitUs
 .text.nt_timerUs
                0x08003b64       0x46 CMakeFiles/STM32_NUCLEO_LL_Project_LCD_22_02_2025.dir/Core/Src/nt_time_utils.c.obj
                0x08003b64                nt_timerUs
 *fill*         0x08003baa        0x2 
 .text.nt_systemClock_init
                0x08003bac       0x90 CMakeFiles/STM32_NUCLEO_LL_Project_LCD_22_02_2025.dir/Core/Src/nt_system_init.c.obj
                0x08003bac                nt_systemClock_init
 .text.TIM2_Init
                0x08003c3c       0x70 CMakeFiles/STM32_NUCLEO_LL_Project_LCD_22_02_2025.dir/Core/Src/nt_time.c.obj
                0x08003c3c                TIM2_Init
 .text.TIM3_Init
                0x08003cac       0x70 CMakeFiles/STM32_NUCLEO_LL_Project_LCD_22_02_2025.dir/Core/Src/nt_time.c.obj
                0x08003cac                TIM3_Init
 .text.nt_timeInit
                0x08003d1c        0xc CMakeFiles/STM32_NUCLEO_LL_Project_LCD_22_02_2025.dir/Core/Src/nt_time.c.obj
                0x08003d1c                nt_timeInit
 .text.nt_timeGetUs32
                0x08003d28       0x24 CMakeFiles/STM32_NUCLEO_LL_Project_LCD_22_02_2025.dir/Core/Src/nt_time.c.obj
                0x08003d28                nt_timeGetUs32
 .text.nt_timeInitUs32
                0x08003d4c        0x8 CMakeFiles/STM32_NUCLEO_LL_Project_LCD_22_02_2025.dir/Core/Src/nt_time.c.obj
                0x08003d4c                nt_timeInitUs32
 .text.nt_timeGetMs32
                0x08003d54        0xa CMakeFiles/STM32_NUCLEO_LL_Project_LCD_22_02_2025.dir/Core/Src/nt_time.c.obj
                0x08003d54                nt_timeGetMs32
 *fill*         0x08003d5e        0x2 
 .text.nt_gpioPinInit
                0x08003d60       0x8c CMakeFiles/STM32_NUCLEO_LL_Project_LCD_22_02_2025.dir/Core/Src/nt_gpio.c.obj
                0x08003d60                nt_gpioPinInit
 .text.nt_pinOn
                0x08003dec        0xc CMakeFiles/STM32_NUCLEO_LL_Project_LCD_22_02_2025.dir/Core/Src/nt_gpio.c.obj
                0x08003dec                nt_pinOn
 .text.nt_pinOff
                0x08003df8        0xc CMakeFiles/STM32_NUCLEO_LL_Project_LCD_22_02_2025.dir/Core/Src/nt_gpio.c.obj
                0x08003df8                nt_pinOff
 .text.nt_pinToggle
                0x08003e04       0x1a CMakeFiles/STM32_NUCLEO_LL_Project_LCD_22_02_2025.dir/Core/Src/nt_gpio.c.obj
                0x08003e04                nt_pinToggle
 .text.nt_pinSet
                0x08003e1e       0x10 CMakeFiles/STM32_NUCLEO_LL_Project_LCD_22_02_2025.dir/Core/Src/nt_gpio.c.obj
                0x08003e1e                nt_pinSet
 .text.nt_readPin
                0x08003e2e       0x16 CMakeFiles/STM32_NUCLEO_LL_Project_LCD_22_02_2025.dir/Core/Src/nt_gpio.c.obj
                0x08003e2e                nt_readPin
 .text.nt_usart2_Init
                0x08003e44       0xb4 CMakeFiles/STM32_NUCLEO_LL_Project_LCD_22_02_2025.dir/Core/Src/nt_usart.c.obj
                0x08003e44                nt_usart2_Init
 .text.nt_uart2_Transmitt8
                0x08003ef8       0x14 CMakeFiles/STM32_NUCLEO_LL_Project_LCD_22_02_2025.dir/Core/Src/nt_usart.c.obj
                0x08003ef8                nt_uart2_Transmitt8
 .text.nt_LCD_pinInit
                0x08003f0c       0xac CMakeFiles/STM32_NUCLEO_LL_Project_LCD_22_02_2025.dir/Core/Src/nt_LCD_1602.c.obj
                0x08003f0c                nt_LCD_pinInit
 .text.nt_LCD_SendData
                0x08003fb8       0x84 CMakeFiles/STM32_NUCLEO_LL_Project_LCD_22_02_2025.dir/Core/Src/nt_LCD_1602.c.obj
                0x08003fb8                nt_LCD_SendData
 .text.nt_LCD_SendInstruction
                0x0800403c       0x32 CMakeFiles/STM32_NUCLEO_LL_Project_LCD_22_02_2025.dir/Core/Src/nt_LCD_1602.c.obj
                0x0800403c                nt_LCD_SendInstruction
 .text.nt_LCD_Init
                0x0800406e       0x3a CMakeFiles/STM32_NUCLEO_LL_Project_LCD_22_02_2025.dir/Core/Src/nt_LCD_1602.c.obj
                0x0800406e                nt_LCD_Init
 .text.nt_LCD_SetCursor
                0x080040a8       0x1e CMakeFiles/STM32_NUCLEO_LL_Project_LCD_22_02_2025.dir/Core/Src/nt_LCD_1602.c.obj
                0x080040a8                nt_LCD_SetCursor
 .text.nt_LCD_Shift_Left
                0x080040c6        0xa CMakeFiles/STM32_NUCLEO_LL_Project_LCD_22_02_2025.dir/Core/Src/nt_LCD_1602.c.obj
                0x080040c6                nt_LCD_Shift_Left
 .text.nt_LCD_Shift_Right
                0x080040d0        0xa CMakeFiles/STM32_NUCLEO_LL_Project_LCD_22_02_2025.dir/Core/Src/nt_LCD_1602.c.obj
                0x080040d0                nt_LCD_Shift_Right
 .text.nt_LCD_PrintChar
                0x080040da       0x32 CMakeFiles/STM32_NUCLEO_LL_Project_LCD_22_02_2025.dir/Core/Src/nt_LCD_1602.c.obj
                0x080040da                nt_LCD_PrintChar
 .text.nt_LCD_PrintLen
                0x0800410c       0x1c CMakeFiles/STM32_NUCLEO_LL_Project_LCD_22_02_2025.dir/Core/Src/nt_LCD_1602.c.obj
                0x0800410c                nt_LCD_PrintLen
 .text.nt_LCD_Print
                0x08004128        0xa CMakeFiles/STM32_NUCLEO_LL_Project_LCD_22_02_2025.dir/Core/Src/nt_LCD_1602.c.obj
                0x08004128                nt_LCD_Print
 .text.HardFault_Handler
                0x08004132        0x2 CMakeFiles/STM32_NUCLEO_LL_Project_LCD_22_02_2025.dir/Core/Src/stm32f1xx_it.c.obj
                0x08004132                HardFault_Handler
 .text.MemManage_Handler
                0x08004134        0x2 CMakeFiles/STM32_NUCLEO_LL_Project_LCD_22_02_2025.dir/Core/Src/stm32f1xx_it.c.obj
                0x08004134                MemManage_Handler
 .text.BusFault_Handler
                0x08004136        0x2 CMakeFiles/STM32_NUCLEO_LL_Project_LCD_22_02_2025.dir/Core/Src/stm32f1xx_it.c.obj
                0x08004136                BusFault_Handler
 .text.UsageFault_Handler
                0x08004138        0x2 CMakeFiles/STM32_NUCLEO_LL_Project_LCD_22_02_2025.dir/Core/Src/stm32f1xx_it.c.obj
                0x08004138                UsageFault_Handler
 .text.SVC_Handler
                0x0800413a        0x2 CMakeFiles/STM32_NUCLEO_LL_Project_LCD_22_02_2025.dir/Core/Src/stm32f1xx_it.c.obj
                0x0800413a                SVC_Handler
 .text.DebugMon_Handler
                0x0800413c        0x2 CMakeFiles/STM32_NUCLEO_LL_Project_LCD_22_02_2025.dir/Core/Src/stm32f1xx_it.c.obj
                0x0800413c                DebugMon_Handler
 .text.PendSV_Handler
                0x0800413e        0x2 CMakeFiles/STM32_NUCLEO_LL_Project_LCD_22_02_2025.dir/Core/Src/stm32f1xx_it.c.obj
                0x0800413e                PendSV_Handler
 .text.SysTick_Handler
                0x08004140        0x2 CMakeFiles/STM32_NUCLEO_LL_Project_LCD_22_02_2025.dir/Core/Src/stm32f1xx_it.c.obj
                0x08004140                SysTick_Handler
 *fill*         0x08004142        0x2 
 .text.EXTI15_10_IRQHandler
                0x08004144       0x18 CMakeFiles/STM32_NUCLEO_LL_Project_LCD_22_02_2025.dir/Core/Src/stm32f1xx_it.c.obj
                0x08004144                EXTI15_10_IRQHandler
 .text.TIM1_UP_IRQHandler
                0x0800415c       0x18 CMakeFiles/STM32_NUCLEO_LL_Project_LCD_22_02_2025.dir/Core/Src/stm32f1xx_it.c.obj
                0x0800415c                TIM1_UP_IRQHandler
 .text.wait_short
                0x08004174       0x1c CMakeFiles/STM32_NUCLEO_LL_Project_LCD_22_02_2025.dir/Core/Src/stm32f1xx_it.c.obj
                0x08004174                wait_short
 .text.wait_long
                0x08004190       0x1c CMakeFiles/STM32_NUCLEO_LL_Project_LCD_22_02_2025.dir/Core/Src/stm32f1xx_it.c.obj
                0x08004190                wait_long
 .text._1_slow_10_fast_blink
                0x080041ac       0x50 CMakeFiles/STM32_NUCLEO_LL_Project_LCD_22_02_2025.dir/Core/Src/stm32f1xx_it.c.obj
                0x080041ac                _1_slow_10_fast_blink
 .text.NMI_Handler
                0x080041fc        0x8 CMakeFiles/STM32_NUCLEO_LL_Project_LCD_22_02_2025.dir/Core/Src/stm32f1xx_it.c.obj
                0x080041fc                NMI_Handler
 .text._getpid  0x08004204        0x4 CMakeFiles/STM32_NUCLEO_LL_Project_LCD_22_02_2025.dir/Core/Src/syscalls.c.obj
                0x08004204                _getpid
 .text._kill    0x08004208       0x10 CMakeFiles/STM32_NUCLEO_LL_Project_LCD_22_02_2025.dir/Core/Src/syscalls.c.obj
                0x08004208                _kill
 .text._exit    0x08004218        0xc CMakeFiles/STM32_NUCLEO_LL_Project_LCD_22_02_2025.dir/Core/Src/syscalls.c.obj
                0x08004218                _exit
 .text._read    0x08004224       0x20 CMakeFiles/STM32_NUCLEO_LL_Project_LCD_22_02_2025.dir/Core/Src/syscalls.c.obj
                0x08004224                _read
 .text._write   0x08004244       0x1c CMakeFiles/STM32_NUCLEO_LL_Project_LCD_22_02_2025.dir/Core/Src/syscalls.c.obj
                0x08004244                _write
 .text._close   0x08004260        0x6 CMakeFiles/STM32_NUCLEO_LL_Project_LCD_22_02_2025.dir/Core/Src/syscalls.c.obj
                0x08004260                _close
 .text._fstat   0x08004266        0xa CMakeFiles/STM32_NUCLEO_LL_Project_LCD_22_02_2025.dir/Core/Src/syscalls.c.obj
                0x08004266                _fstat
 .text._isatty  0x08004270        0x4 CMakeFiles/STM32_NUCLEO_LL_Project_LCD_22_02_2025.dir/Core/Src/syscalls.c.obj
                0x08004270                _isatty
 .text._lseek   0x08004274        0x4 CMakeFiles/STM32_NUCLEO_LL_Project_LCD_22_02_2025.dir/Core/Src/syscalls.c.obj
                0x08004274                _lseek
 .text._sbrk    0x08004278       0x48 CMakeFiles/STM32_NUCLEO_LL_Project_LCD_22_02_2025.dir/Core/Src/sysmem.c.obj
                0x08004278                _sbrk
 .text.SystemInit
                0x080042c0        0x2 CMakeFiles/STM32_NUCLEO_LL_Project_LCD_22_02_2025.dir/Core/Src/system_stm32f1xx.c.obj
                0x080042c0                SystemInit
 *fill*         0x080042c2        0x2 
 .text.Reset_Handler
                0x080042c4       0x48 CMakeFiles/STM32_NUCLEO_LL_Project_LCD_22_02_2025.dir/Core/Startup/startup_stm32f103rbtx.s.obj
                0x080042c4                Reset_Handler
 .text.Default_Handler
                0x0800430c        0x2 CMakeFiles/STM32_NUCLEO_LL_Project_LCD_22_02_2025.dir/Core/Startup/startup_stm32f103rbtx.s.obj
                0x0800430c                RTC_Alarm_IRQHandler
                0x0800430c                EXTI2_IRQHandler
                0x0800430c                TIM1_CC_IRQHandler
                0x0800430c                PVD_IRQHandler
                0x0800430c                EXTI3_IRQHandler
                0x0800430c                EXTI0_IRQHandler
                0x0800430c                I2C2_EV_IRQHandler
                0x0800430c                ADC1_2_IRQHandler
                0x0800430c                SPI1_IRQHandler
                0x0800430c                TAMPER_IRQHandler
                0x0800430c                DMA1_Channel4_IRQHandler
                0x0800430c                USART3_IRQHandler
                0x0800430c                RTC_IRQHandler
                0x0800430c                DMA1_Channel7_IRQHandler
                0x0800430c                CAN1_RX1_IRQHandler
                0x0800430c                TIM4_IRQHandler
                0x0800430c                I2C1_EV_IRQHandler
                0x0800430c                DMA1_Channel6_IRQHandler
                0x0800430c                TIM3_IRQHandler
                0x0800430c                RCC_IRQHandler
                0x0800430c                TIM1_TRG_COM_IRQHandler
                0x0800430c                DMA1_Channel1_IRQHandler
                0x0800430c                Default_Handler
                0x0800430c                EXTI9_5_IRQHandler
                0x0800430c                SPI2_IRQHandler
                0x0800430c                DMA1_Channel5_IRQHandler
                0x0800430c                EXTI4_IRQHandler
                0x0800430c                USB_LP_CAN1_RX0_IRQHandler
                0x0800430c                USB_HP_CAN1_TX_IRQHandler
                0x0800430c                DMA1_Channel3_IRQHandler
                0x0800430c                WWDG_IRQHandler
                0x0800430c                TIM2_IRQHandler
                0x0800430c                TIM1_BRK_IRQHandler
                0x0800430c                EXTI1_IRQHandler
                0x0800430c                USART2_IRQHandler
                0x0800430c                I2C2_ER_IRQHandler
                0x0800430c                DMA1_Channel2_IRQHandler
                0x0800430c                CAN1_SCE_IRQHandler
                0x0800430c                FLASH_IRQHandler
                0x0800430c                USART1_IRQHandler
                0x0800430c                I2C1_ER_IRQHandler
                0x0800430c                USBWakeUp_IRQHandler
 .text.LL_GPIO_SetPinMode
                0x0800430e       0x34 CMakeFiles/STM32_NUCLEO_LL_Project_LCD_22_02_2025.dir/Drivers/STM32F1xx_HAL_Driver/Src/stm32f1xx_ll_gpio.c.obj
 .text.LL_GPIO_SetPinSpeed
                0x08004342       0x34 CMakeFiles/STM32_NUCLEO_LL_Project_LCD_22_02_2025.dir/Drivers/STM32F1xx_HAL_Driver/Src/stm32f1xx_ll_gpio.c.obj
 .text.LL_GPIO_SetPinOutputType
                0x08004376       0x34 CMakeFiles/STM32_NUCLEO_LL_Project_LCD_22_02_2025.dir/Drivers/STM32F1xx_HAL_Driver/Src/stm32f1xx_ll_gpio.c.obj
 .text.LL_GPIO_Init
                0x080043aa       0x96 CMakeFiles/STM32_NUCLEO_LL_Project_LCD_22_02_2025.dir/Drivers/STM32F1xx_HAL_Driver/Src/stm32f1xx_ll_gpio.c.obj
                0x080043aa                LL_GPIO_Init
 .text.RCC_GetHCLKClockFreq
                0x08004440       0x18 CMakeFiles/STM32_NUCLEO_LL_Project_LCD_22_02_2025.dir/Drivers/STM32F1xx_HAL_Driver/Src/stm32f1xx_ll_rcc.c.obj
                0x08004440                RCC_GetHCLKClockFreq
 .text.RCC_GetPCLK1ClockFreq
                0x08004458       0x18 CMakeFiles/STM32_NUCLEO_LL_Project_LCD_22_02_2025.dir/Drivers/STM32F1xx_HAL_Driver/Src/stm32f1xx_ll_rcc.c.obj
                0x08004458                RCC_GetPCLK1ClockFreq
 .text.RCC_GetPCLK2ClockFreq
                0x08004470       0x18 CMakeFiles/STM32_NUCLEO_LL_Project_LCD_22_02_2025.dir/Drivers/STM32F1xx_HAL_Driver/Src/stm32f1xx_ll_rcc.c.obj
                0x08004470                RCC_GetPCLK2ClockFreq
 .text.RCC_PLL_GetFreqDomain_SYS
                0x08004488       0x3c CMakeFiles/STM32_NUCLEO_LL_Project_LCD_22_02_2025.dir/Drivers/STM32F1xx_HAL_Driver/Src/stm32f1xx_ll_rcc.c.obj
                0x08004488                RCC_PLL_GetFreqDomain_SYS
 .text.RCC_GetSystemClockFreq
                0x080044c4       0x20 CMakeFiles/STM32_NUCLEO_LL_Project_LCD_22_02_2025.dir/Drivers/STM32F1xx_HAL_Driver/Src/stm32f1xx_ll_rcc.c.obj
                0x080044c4                RCC_GetSystemClockFreq
 .text.LL_RCC_GetSystemClocksFreq
                0x080044e4       0x20 CMakeFiles/STM32_NUCLEO_LL_Project_LCD_22_02_2025.dir/Drivers/STM32F1xx_HAL_Driver/Src/stm32f1xx_ll_rcc.c.obj
                0x080044e4                LL_RCC_GetSystemClocksFreq
 .text.LL_TIM_Init
                0x08004504       0x70 CMakeFiles/STM32_NUCLEO_LL_Project_LCD_22_02_2025.dir/Drivers/STM32F1xx_HAL_Driver/Src/stm32f1xx_ll_tim.c.obj
                0x08004504                LL_TIM_Init
 .text.LL_USART_SetBaudRate
                0x08004574       0x4c CMakeFiles/STM32_NUCLEO_LL_Project_LCD_22_02_2025.dir/Drivers/STM32F1xx_HAL_Driver/Src/stm32f1xx_ll_usart.c.obj
 .text.LL_USART_Init
                0x080045c0       0x90 CMakeFiles/STM32_NUCLEO_LL_Project_LCD_22_02_2025.dir/Drivers/STM32F1xx_HAL_Driver/Src/stm32f1xx_ll_usart.c.obj
                0x080045c0                LL_USART_Init
 .text.UTILS_GetPLLOutputFrequency
                0x08004650       0x16 CMakeFiles/STM32_NUCLEO_LL_Project_LCD_22_02_2025.dir/Drivers/STM32F1xx_HAL_Driver/Src/stm32f1xx_ll_utils.c.obj
 *fill*         0x08004666        0x2 
 .text.UTILS_PLL_IsBusy
                0x08004668       0x18 CMakeFiles/STM32_NUCLEO_LL_Project_LCD_22_02_2025.dir/Drivers/STM32F1xx_HAL_Driver/Src/stm32f1xx_ll_utils.c.obj
 .text.UTILS_PLL_HSE_ConfigSystemClock
                0x08004680       0x54 CMakeFiles/STM32_NUCLEO_LL_Project_LCD_22_02_2025.dir/Drivers/STM32F1xx_HAL_Driver/Src/stm32f1xx_ll_utils.c.obj
 .text.LL_Init1msTick
                0x080046d4       0x20 CMakeFiles/STM32_NUCLEO_LL_Project_LCD_22_02_2025.dir/Drivers/STM32F1xx_HAL_Driver/Src/stm32f1xx_ll_utils.c.obj
                0x080046d4                LL_Init1msTick
 .text.LL_SetSystemCoreClock
                0x080046f4        0xc CMakeFiles/STM32_NUCLEO_LL_Project_LCD_22_02_2025.dir/Drivers/STM32F1xx_HAL_Driver/Src/stm32f1xx_ll_utils.c.obj
                0x080046f4                LL_SetSystemCoreClock
 .text.LL_SetFlashLatency
                0x08004700       0x54 CMakeFiles/STM32_NUCLEO_LL_Project_LCD_22_02_2025.dir/Drivers/STM32F1xx_HAL_Driver/Src/stm32f1xx_ll_utils.c.obj
                0x08004700                LL_SetFlashLatency
 .text.UTILS_EnablePLLAndSwitchSystem
                0x08004754       0xb4 CMakeFiles/STM32_NUCLEO_LL_Project_LCD_22_02_2025.dir/Drivers/STM32F1xx_HAL_Driver/Src/stm32f1xx_ll_utils.c.obj
 .text.LL_PLL_ConfigSystemClock_HSI
                0x08004808       0x5c CMakeFiles/STM32_NUCLEO_LL_Project_LCD_22_02_2025.dir/Drivers/STM32F1xx_HAL_Driver/Src/stm32f1xx_ll_utils.c.obj
                0x08004808                LL_PLL_ConfigSystemClock_HSI
 .text.LL_PLL_ConfigSystemClock_HSE
                0x08004864       0x50 CMakeFiles/STM32_NUCLEO_LL_Project_LCD_22_02_2025.dir/Drivers/STM32F1xx_HAL_Driver/Src/stm32f1xx_ll_utils.c.obj
                0x08004864                LL_PLL_ConfigSystemClock_HSE
 .text.prv_out_fn_print
                0x080048b4       0x34 CMakeFiles/STM32_NUCLEO_LL_Project_LCD_22_02_2025.dir/lwprintf/src/lwprintf/lwprintf.c.obj
 .text.prv_parse_num
                0x080048e8       0x26 CMakeFiles/STM32_NUCLEO_LL_Project_LCD_22_02_2025.dir/lwprintf/src/lwprintf/lwprintf.c.obj
 *fill*         0x0800490e        0x2 
 .text.prv_out_str_before
                0x08004910      0x168 CMakeFiles/STM32_NUCLEO_LL_Project_LCD_22_02_2025.dir/lwprintf/src/lwprintf/lwprintf.c.obj
 .text.prv_out_str_after
                0x08004a78       0x24 CMakeFiles/STM32_NUCLEO_LL_Project_LCD_22_02_2025.dir/lwprintf/src/lwprintf/lwprintf.c.obj
 .text.prv_out_str_raw
                0x08004a9c       0x1e CMakeFiles/STM32_NUCLEO_LL_Project_LCD_22_02_2025.dir/lwprintf/src/lwprintf/lwprintf.c.obj
 .text.prv_out_str
                0x08004aba       0x24 CMakeFiles/STM32_NUCLEO_LL_Project_LCD_22_02_2025.dir/lwprintf/src/lwprintf/lwprintf.c.obj
 .text.prv_unsigned_int_to_str
                0x08004ade       0xa2 CMakeFiles/STM32_NUCLEO_LL_Project_LCD_22_02_2025.dir/lwprintf/src/lwprintf/lwprintf.c.obj
 .text.prv_unsigned_long_int_to_str
                0x08004b80       0xa2 CMakeFiles/STM32_NUCLEO_LL_Project_LCD_22_02_2025.dir/lwprintf/src/lwprintf/lwprintf.c.obj
 .text.prv_unsigned_longlong_int_to_str
                0x08004c22      0x104 CMakeFiles/STM32_NUCLEO_LL_Project_LCD_22_02_2025.dir/lwprintf/src/lwprintf/lwprintf.c.obj
 .text.prv_uintptr_to_str
                0x08004d26       0xa2 CMakeFiles/STM32_NUCLEO_LL_Project_LCD_22_02_2025.dir/lwprintf/src/lwprintf/lwprintf.c.obj
 .text.prv_sizet_to_str
                0x08004dc8       0xa2 CMakeFiles/STM32_NUCLEO_LL_Project_LCD_22_02_2025.dir/lwprintf/src/lwprintf/lwprintf.c.obj
 .text.prv_umaxt_to_str
                0x08004e6a      0x104 CMakeFiles/STM32_NUCLEO_LL_Project_LCD_22_02_2025.dir/lwprintf/src/lwprintf/lwprintf.c.obj
 .text.prv_signed_int_to_str
                0x08004f6e       0x18 CMakeFiles/STM32_NUCLEO_LL_Project_LCD_22_02_2025.dir/lwprintf/src/lwprintf/lwprintf.c.obj
 .text.prv_signed_long_int_to_str
                0x08004f86       0x18 CMakeFiles/STM32_NUCLEO_LL_Project_LCD_22_02_2025.dir/lwprintf/src/lwprintf/lwprintf.c.obj
 .text.prv_signed_longlong_int_to_str
                0x08004f9e       0x1c CMakeFiles/STM32_NUCLEO_LL_Project_LCD_22_02_2025.dir/lwprintf/src/lwprintf/lwprintf.c.obj
 *fill*         0x08004fba        0x6 
 .text.prv_calculate_dbl_num_data
                0x08004fc0      0x2cc CMakeFiles/STM32_NUCLEO_LL_Project_LCD_22_02_2025.dir/lwprintf/src/lwprintf/lwprintf.c.obj
 *fill*         0x0800528c        0x4 
 .text.prv_double_to_str
                0x08005290      0x600 CMakeFiles/STM32_NUCLEO_LL_Project_LCD_22_02_2025.dir/lwprintf/src/lwprintf/lwprintf.c.obj
 .text.prv_format
                0x08005890      0x5bc CMakeFiles/STM32_NUCLEO_LL_Project_LCD_22_02_2025.dir/lwprintf/src/lwprintf/lwprintf.c.obj
 .text.lwprintf_init_ex
                0x08005e4c       0x14 CMakeFiles/STM32_NUCLEO_LL_Project_LCD_22_02_2025.dir/lwprintf/src/lwprintf/lwprintf.c.obj
                0x08005e4c                lwprintf_init_ex
 .text.lwprintf_vprintf_ex
                0x08005e60       0x48 CMakeFiles/STM32_NUCLEO_LL_Project_LCD_22_02_2025.dir/lwprintf/src/lwprintf/lwprintf.c.obj
                0x08005e60                lwprintf_vprintf_ex
 .text.lwprintf_printf_ex
                0x08005ea8       0x1c CMakeFiles/STM32_NUCLEO_LL_Project_LCD_22_02_2025.dir/lwprintf/src/lwprintf/lwprintf.c.obj
                0x08005ea8                lwprintf_printf_ex
 .text.strnlen  0x08005ec4       0x18 C:/ST/STM32CubeCLT_1.16.0/GNU-tools-for-STM32/bin/../lib/gcc/arm-none-eabi/12.3.1/../../../../arm-none-eabi/lib/thumb/v7-m/nofp\libc_nano.a(libc_a-strnlen.o)
                0x08005ec4                strnlen
 .text.__errno  0x08005edc        0xc C:/ST/STM32CubeCLT_1.16.0/GNU-tools-for-STM32/bin/../lib/gcc/arm-none-eabi/12.3.1/../../../../arm-none-eabi/lib/thumb/v7-m/nofp\libc_nano.a(libc_a-errno.o)
                0x08005edc                __errno
 *(.glue_7)
 .glue_7        0x08005ee8        0x0 linker stubs
 *(.glue_7t)
 .glue_7t       0x08005ee8        0x0 linker stubs
 *(.eh_frame)
 .eh_frame      0x08005ee8        0x0 C:/ST/STM32CubeCLT_1.16.0/GNU-tools-for-STM32/bin/../lib/gcc/arm-none-eabi/12.3.1/thumb/v7-m/nofp/crtbegin.o
 *(.init)
 .init          0x08005ee8        0x4 C:/ST/STM32CubeCLT_1.16.0/GNU-tools-for-STM32/bin/../lib/gcc/arm-none-eabi/12.3.1/thumb/v7-m/nofp/crti.o
                0x08005ee8                _init
 .init          0x08005eec        0x8 C:/ST/STM32CubeCLT_1.16.0/GNU-tools-for-STM32/bin/../lib/gcc/arm-none-eabi/12.3.1/thumb/v7-m/nofp/crtn.o
 *(.fini)
 .fini          0x08005ef4        0x4 C:/ST/STM32CubeCLT_1.16.0/GNU-tools-for-STM32/bin/../lib/gcc/arm-none-eabi/12.3.1/thumb/v7-m/nofp/crti.o
                0x08005ef4                _fini
 .fini          0x08005ef8        0x8 C:/ST/STM32CubeCLT_1.16.0/GNU-tools-for-STM32/bin/../lib/gcc/arm-none-eabi/12.3.1/thumb/v7-m/nofp/crtn.o
                0x08005f00                        . = ALIGN (0x4)
                0x08005f00                        _etext = .

.vfp11_veneer   0x08005f00        0x0
 .vfp11_veneer  0x08005f00        0x0 linker stubs

.v4_bx          0x08005f00        0x0
 .v4_bx         0x08005f00        0x0 linker stubs

.iplt           0x08005f00        0x0
 .iplt          0x08005f00        0x0 C:/ST/STM32CubeCLT_1.16.0/GNU-tools-for-STM32/bin/../lib/gcc/arm-none-eabi/12.3.1/thumb/v7-m/nofp/crtbegin.o

.rodata         0x08005f00      0x4e0
                0x08005f00                        . = ALIGN (0x4)
 *(.rodata)
 *(.rodata*)
 .rodata._printf_float.str1.1
                0x08005f00       0x12 C:/ST/STM32CubeCLT_1.16.0/GNU-tools-for-STM32/bin/../lib/gcc/arm-none-eabi/12.3.1/../../../../arm-none-eabi/lib/thumb/v7-m/nofp\libc_nano.a(libc_a-nano-vfprintf_float.o)
 .rodata._printf_i.str1.1
                0x08005f12       0x22 C:/ST/STM32CubeCLT_1.16.0/GNU-tools-for-STM32/bin/../lib/gcc/arm-none-eabi/12.3.1/../../../../arm-none-eabi/lib/thumb/v7-m/nofp\libc_nano.a(libc_a-nano-vfprintf_i.o)
 .rodata._dtoa_r.str1.1
                0x08005f34       0x8d C:/ST/STM32CubeCLT_1.16.0/GNU-tools-for-STM32/bin/../lib/gcc/arm-none-eabi/12.3.1/../../../../arm-none-eabi/lib/thumb/v7-m/nofp\libc_nano.a(libc_a-dtoa.o)
                                 0x8f (size before relaxing)
 .rodata._Balloc.str1.1
                0x08005fc1       0x59 C:/ST/STM32CubeCLT_1.16.0/GNU-tools-for-STM32/bin/../lib/gcc/arm-none-eabi/12.3.1/../../../../arm-none-eabi/lib/thumb/v7-m/nofp\libc_nano.a(libc_a-mprec.o)
                                 0x70 (size before relaxing)
 .rodata.__multadd.str1.1
                0x0800601a       0x11 C:/ST/STM32CubeCLT_1.16.0/GNU-tools-for-STM32/bin/../lib/gcc/arm-none-eabi/12.3.1/../../../../arm-none-eabi/lib/thumb/v7-m/nofp\libc_nano.a(libc_a-mprec.o)
 *fill*         0x0800601a        0x2 
 .rodata.p05.0  0x0800601c        0xc C:/ST/STM32CubeCLT_1.16.0/GNU-tools-for-STM32/bin/../lib/gcc/arm-none-eabi/12.3.1/../../../../arm-none-eabi/lib/thumb/v7-m/nofp\libc_nano.a(libc_a-mprec.o)
 .rodata.__mprec_bigtens
                0x08006028       0x28 C:/ST/STM32CubeCLT_1.16.0/GNU-tools-for-STM32/bin/../lib/gcc/arm-none-eabi/12.3.1/../../../../arm-none-eabi/lib/thumb/v7-m/nofp\libc_nano.a(libc_a-mprec.o)
                0x08006028                __mprec_bigtens
 .rodata.__mprec_tens
                0x08006050       0xc8 C:/ST/STM32CubeCLT_1.16.0/GNU-tools-for-STM32/bin/../lib/gcc/arm-none-eabi/12.3.1/../../../../arm-none-eabi/lib/thumb/v7-m/nofp\libc_nano.a(libc_a-mprec.o)
                0x08006050                __mprec_tens
 .rodata._setlocale_r.str1.1
                0x08006118        0x8 C:/ST/STM32CubeCLT_1.16.0/GNU-tools-for-STM32/bin/../lib/gcc/arm-none-eabi/12.3.1/../../../../arm-none-eabi/lib/thumb/v7-m/nofp\libc_nano.a(libc_a-locale.o)
                                  0x9 (size before relaxing)
 .rodata.str1.1
                0x08006120        0x2 C:/ST/STM32CubeCLT_1.16.0/GNU-tools-for-STM32/bin/../lib/gcc/arm-none-eabi/12.3.1/../../../../arm-none-eabi/lib/thumb/v7-m/nofp\libc_nano.a(libc_a-locale.o)
 .rodata.__assert_func.str1.1
                0x08006122       0x3c C:/ST/STM32CubeCLT_1.16.0/GNU-tools-for-STM32/bin/../lib/gcc/arm-none-eabi/12.3.1/../../../../arm-none-eabi/lib/thumb/v7-m/nofp\libc_nano.a(libc_a-assert.o)
                                 0x3d (size before relaxing)
 .rodata._ctype_
                0x0800615e      0x101 C:/ST/STM32CubeCLT_1.16.0/GNU-tools-for-STM32/bin/../lib/gcc/arm-none-eabi/12.3.1/../../../../arm-none-eabi/lib/thumb/v7-m/nofp\libc_nano.a(libc_a-ctype_.o)
                0x0800615e                _ctype_
 .rodata._vfprintf_r.str1.1
                0x0800625f       0x11 C:/ST/STM32CubeCLT_1.16.0/GNU-tools-for-STM32/bin/../lib/gcc/arm-none-eabi/12.3.1/../../../../arm-none-eabi/lib/thumb/v7-m/nofp\libc_nano.a(libc_a-nano-vfprintf.o)
 .rodata.main.str1.4
                0x08006270       0x9b CMakeFiles/STM32_NUCLEO_LL_Project_LCD_22_02_2025.dir/Core/Src/main.c.obj
 *fill*         0x0800630b        0x1 
 .rodata.APBPrescTable
                0x0800630c        0x8 CMakeFiles/STM32_NUCLEO_LL_Project_LCD_22_02_2025.dir/Core/Src/system_stm32f1xx.c.obj
                0x0800630c                APBPrescTable
 .rodata.AHBPrescTable
                0x08006314       0x10 CMakeFiles/STM32_NUCLEO_LL_Project_LCD_22_02_2025.dir/Core/Src/system_stm32f1xx.c.obj
                0x08006314                AHBPrescTable
 .rodata.prv_double_to_str.str1.4
                0x08006324       0x20 CMakeFiles/STM32_NUCLEO_LL_Project_LCD_22_02_2025.dir/lwprintf/src/lwprintf/lwprintf.c.obj
 .rodata.prv_format.str1.4
                0x08006344        0x4 CMakeFiles/STM32_NUCLEO_LL_Project_LCD_22_02_2025.dir/lwprintf/src/lwprintf/lwprintf.c.obj
 .rodata.powers_of_10
                0x08006348       0x98 CMakeFiles/STM32_NUCLEO_LL_Project_LCD_22_02_2025.dir/lwprintf/src/lwprintf/lwprintf.c.obj
                0x080063e0                        . = ALIGN (0x4)

.ARM.extab      0x080063e0        0x0
                0x080063e0                        . = ALIGN (0x4)
 *(.ARM.extab* .gnu.linkonce.armextab.*)
                0x080063e0                        . = ALIGN (0x4)

.ARM            0x080063e0        0x8
                0x080063e0                        . = ALIGN (0x4)
                0x080063e0                        __exidx_start = .
 *(.ARM.exidx*)
 .ARM.exidx     0x080063e0        0x8 C:/ST/STM32CubeCLT_1.16.0/GNU-tools-for-STM32/bin/../lib/gcc/arm-none-eabi/12.3.1/../../../../arm-none-eabi/lib/thumb/v7-m/nofp\libc_nano.a(libc_a-strlen.o)
 .ARM.exidx     0x080063e8        0x0 C:/ST/STM32CubeCLT_1.16.0/GNU-tools-for-STM32/bin/../lib/gcc/arm-none-eabi/12.3.1/thumb/v7-m/nofp\libgcc.a(_udivmoddi4.o)
                                  0x8 (size before relaxing)
                0x080063e8                        __exidx_end = .
                0x080063e8                        . = ALIGN (0x4)

.preinit_array  0x080063e8        0x0
                0x080063e8                        . = ALIGN (0x4)
                0x080063e8                        PROVIDE (__preinit_array_start = .)
 *(.preinit_array*)
                0x080063e8                        PROVIDE (__preinit_array_end = .)
                0x080063e8                        . = ALIGN (0x4)

.init_array     0x080063e8        0x4
                0x080063e8                        . = ALIGN (0x4)
                0x080063e8                        PROVIDE (__init_array_start = .)
 *(SORT_BY_NAME(.init_array.*))
 *(.init_array*)
 .init_array    0x080063e8        0x4 C:/ST/STM32CubeCLT_1.16.0/GNU-tools-for-STM32/bin/../lib/gcc/arm-none-eabi/12.3.1/thumb/v7-m/nofp/crtbegin.o
                0x080063ec                        PROVIDE (__init_array_end = .)
                0x080063ec                        . = ALIGN (0x4)

.fini_array     0x080063ec        0x4
                0x080063ec                        . = ALIGN (0x4)
                [!provide]                        PROVIDE (__fini_array_start = .)
 *(SORT_BY_NAME(.fini_array.*))
 *(.fini_array*)
 .fini_array    0x080063ec        0x4 C:/ST/STM32CubeCLT_1.16.0/GNU-tools-for-STM32/bin/../lib/gcc/arm-none-eabi/12.3.1/thumb/v7-m/nofp/crtbegin.o
                [!provide]                        PROVIDE (__fini_array_end = .)
                0x080063f0                        . = ALIGN (0x4)
                0x080063f0                        _sidata = LOADADDR (.data)

.rel.dyn        0x080063f0        0x0
 .rel.iplt      0x080063f0        0x0 C:/ST/STM32CubeCLT_1.16.0/GNU-tools-for-STM32/bin/../lib/gcc/arm-none-eabi/12.3.1/thumb/v7-m/nofp/crtbegin.o

.data           0x20000000      0x270 load address 0x080063f0
                0x20000000                        . = ALIGN (0x4)
                0x20000000                        _sdata = .
 *(.data)
 *(.data*)
 .data.__sglue  0x20000000        0xc C:/ST/STM32CubeCLT_1.16.0/GNU-tools-for-STM32/bin/../lib/gcc/arm-none-eabi/12.3.1/../../../../arm-none-eabi/lib/thumb/v7-m/nofp\libc_nano.a(libc_a-findfp.o)
                0x20000000                __sglue
 .data._impure_ptr
                0x2000000c        0x4 C:/ST/STM32CubeCLT_1.16.0/GNU-tools-for-STM32/bin/../lib/gcc/arm-none-eabi/12.3.1/../../../../arm-none-eabi/lib/thumb/v7-m/nofp\libc_nano.a(libc_a-impure.o)
                0x2000000c                _impure_ptr
 .data._impure_data
                0x20000010       0x4c C:/ST/STM32CubeCLT_1.16.0/GNU-tools-for-STM32/bin/../lib/gcc/arm-none-eabi/12.3.1/../../../../arm-none-eabi/lib/thumb/v7-m/nofp\libc_nano.a(libc_a-impure.o)
                0x20000010                _impure_data
 .data.__global_locale
                0x2000005c      0x16c C:/ST/STM32CubeCLT_1.16.0/GNU-tools-for-STM32/bin/../lib/gcc/arm-none-eabi/12.3.1/../../../../arm-none-eabi/lib/thumb/v7-m/nofp\libc_nano.a(libc_a-locale.o)
                0x2000005c                __global_locale
 .data.enc2     0x200001c8        0xc CMakeFiles/STM32_NUCLEO_LL_Project_LCD_22_02_2025.dir/Core/Src/main.c.obj
                0x200001c8                enc2
 .data.enc1     0x200001d4        0xc CMakeFiles/STM32_NUCLEO_LL_Project_LCD_22_02_2025.dir/Core/Src/main.c.obj
                0x200001d4                enc1
 .data.btn_enc2_B
                0x200001e0       0x10 CMakeFiles/STM32_NUCLEO_LL_Project_LCD_22_02_2025.dir/Core/Src/main.c.obj
                0x200001e0                btn_enc2_B
 .data.btn_enc2_A
                0x200001f0       0x10 CMakeFiles/STM32_NUCLEO_LL_Project_LCD_22_02_2025.dir/Core/Src/main.c.obj
                0x200001f0                btn_enc2_A
 .data.btn_enc1_B
                0x20000200       0x10 CMakeFiles/STM32_NUCLEO_LL_Project_LCD_22_02_2025.dir/Core/Src/main.c.obj
                0x20000200                btn_enc1_B
 .data.btn_enc1_A
                0x20000210       0x10 CMakeFiles/STM32_NUCLEO_LL_Project_LCD_22_02_2025.dir/Core/Src/main.c.obj
                0x20000210                btn_enc1_A
 .data.btn_pin_nucleo
                0x20000220       0x10 CMakeFiles/STM32_NUCLEO_LL_Project_LCD_22_02_2025.dir/Core/Src/main.c.obj
                0x20000220                btn_pin_nucleo
 .data.arg_enc2_B
                0x20000230        0xc CMakeFiles/STM32_NUCLEO_LL_Project_LCD_22_02_2025.dir/Core/Src/main.c.obj
                0x20000230                arg_enc2_B
 .data.arg_enc2_A
                0x2000023c        0xc CMakeFiles/STM32_NUCLEO_LL_Project_LCD_22_02_2025.dir/Core/Src/main.c.obj
                0x2000023c                arg_enc2_A
 .data.arg_enc1_B
                0x20000248        0xc CMakeFiles/STM32_NUCLEO_LL_Project_LCD_22_02_2025.dir/Core/Src/main.c.obj
                0x20000248                arg_enc1_B
 .data.arg_enc1_A
                0x20000254        0xc CMakeFiles/STM32_NUCLEO_LL_Project_LCD_22_02_2025.dir/Core/Src/main.c.obj
                0x20000254                arg_enc1_A
 .data.arg_pin_nucleo
                0x20000260        0xc CMakeFiles/STM32_NUCLEO_LL_Project_LCD_22_02_2025.dir/Core/Src/main.c.obj
                0x20000260                arg_pin_nucleo
 .data.SystemCoreClock
                0x2000026c        0x4 CMakeFiles/STM32_NUCLEO_LL_Project_LCD_22_02_2025.dir/Core/Src/system_stm32f1xx.c.obj
                0x2000026c                SystemCoreClock
 *(.RamFunc)
 *(.RamFunc*)
                0x20000270                        . = ALIGN (0x4)
                0x20000270                        _edata = .

.igot.plt       0x20000270        0x0 load address 0x08006660
 .igot.plt      0x20000270        0x0 C:/ST/STM32CubeCLT_1.16.0/GNU-tools-for-STM32/bin/../lib/gcc/arm-none-eabi/12.3.1/thumb/v7-m/nofp/crtbegin.o
                0x20000270                        . = ALIGN (0x4)

.bss            0x20000270      0x2ac load address 0x08006660
                0x20000270                        _sbss = .
                0x20000270                        __bss_start__ = _sbss
 *(.bss)
 .bss           0x20000270       0x1c C:/ST/STM32CubeCLT_1.16.0/GNU-tools-for-STM32/bin/../lib/gcc/arm-none-eabi/12.3.1/thumb/v7-m/nofp/crtbegin.o
 *(.bss*)
 .bss.__sf      0x2000028c      0x138 C:/ST/STM32CubeCLT_1.16.0/GNU-tools-for-STM32/bin/../lib/gcc/arm-none-eabi/12.3.1/../../../../arm-none-eabi/lib/thumb/v7-m/nofp\libc_nano.a(libc_a-findfp.o)
                0x2000028c                __sf
 .bss.__stdio_exit_handler
                0x200003c4        0x4 C:/ST/STM32CubeCLT_1.16.0/GNU-tools-for-STM32/bin/../lib/gcc/arm-none-eabi/12.3.1/../../../../arm-none-eabi/lib/thumb/v7-m/nofp\libc_nano.a(libc_a-findfp.o)
                0x200003c4                __stdio_exit_handler
 .bss.errno     0x200003c8        0x4 C:/ST/STM32CubeCLT_1.16.0/GNU-tools-for-STM32/bin/../lib/gcc/arm-none-eabi/12.3.1/../../../../arm-none-eabi/lib/thumb/v7-m/nofp\libc_nano.a(libc_a-reent.o)
                0x200003c8                errno
 .bss.__lock___malloc_recursive_mutex
                0x200003cc        0x1 C:/ST/STM32CubeCLT_1.16.0/GNU-tools-for-STM32/bin/../lib/gcc/arm-none-eabi/12.3.1/../../../../arm-none-eabi/lib/thumb/v7-m/nofp\libc_nano.a(libc_a-lock.o)
                0x200003cc                __lock___malloc_recursive_mutex
 .bss.__lock___sfp_recursive_mutex
                0x200003cd        0x1 C:/ST/STM32CubeCLT_1.16.0/GNU-tools-for-STM32/bin/../lib/gcc/arm-none-eabi/12.3.1/../../../../arm-none-eabi/lib/thumb/v7-m/nofp\libc_nano.a(libc_a-lock.o)
                0x200003cd                __lock___sfp_recursive_mutex
 *fill*         0x200003ce        0x2 
 .bss.__malloc_sbrk_start
                0x200003d0        0x4 C:/ST/STM32CubeCLT_1.16.0/GNU-tools-for-STM32/bin/../lib/gcc/arm-none-eabi/12.3.1/../../../../arm-none-eabi/lib/thumb/v7-m/nofp\libc_nano.a(libc_a-mallocr.o)
                0x200003d0                __malloc_sbrk_start
 .bss.__malloc_free_list
                0x200003d4        0x4 C:/ST/STM32CubeCLT_1.16.0/GNU-tools-for-STM32/bin/../lib/gcc/arm-none-eabi/12.3.1/../../../../arm-none-eabi/lib/thumb/v7-m/nofp\libc_nano.a(libc_a-mallocr.o)
                0x200003d4                __malloc_free_list
 .bss.timer_CH2
                0x200003d8       0x1c CMakeFiles/STM32_NUCLEO_LL_Project_LCD_22_02_2025.dir/Core/Src/main.c.obj
                0x200003d8                timer_CH2
 .bss.pin_encoder2_B
                0x200003f4       0x10 CMakeFiles/STM32_NUCLEO_LL_Project_LCD_22_02_2025.dir/Core/Src/main.c.obj
                0x200003f4                pin_encoder2_B
 .bss.pin_encoder2_A
                0x20000404       0x10 CMakeFiles/STM32_NUCLEO_LL_Project_LCD_22_02_2025.dir/Core/Src/main.c.obj
                0x20000404                pin_encoder2_A
 .bss.pin_encoder1_B
                0x20000414       0x10 CMakeFiles/STM32_NUCLEO_LL_Project_LCD_22_02_2025.dir/Core/Src/main.c.obj
                0x20000414                pin_encoder1_B
 .bss.pin_encoder1_A
                0x20000424       0x10 CMakeFiles/STM32_NUCLEO_LL_Project_LCD_22_02_2025.dir/Core/Src/main.c.obj
                0x20000424                pin_encoder1_A
 .bss.pin_btn_nucleo
                0x20000434       0x10 CMakeFiles/STM32_NUCLEO_LL_Project_LCD_22_02_2025.dir/Core/Src/main.c.obj
                0x20000434                pin_btn_nucleo
 .bss.led_nucleo
                0x20000444       0x10 CMakeFiles/STM32_NUCLEO_LL_Project_LCD_22_02_2025.dir/Core/Src/main.c.obj
                0x20000444                led_nucleo
 .bss.pin_CH3   0x20000454       0x10 CMakeFiles/STM32_NUCLEO_LL_Project_LCD_22_02_2025.dir/Core/Src/main.c.obj
                0x20000454                pin_CH3
 .bss.pin_CH2   0x20000464       0x10 CMakeFiles/STM32_NUCLEO_LL_Project_LCD_22_02_2025.dir/Core/Src/main.c.obj
                0x20000464                pin_CH2
 .bss.pin_CH1   0x20000474       0x10 CMakeFiles/STM32_NUCLEO_LL_Project_LCD_22_02_2025.dir/Core/Src/main.c.obj
                0x20000474                pin_CH1
 .bss.nt_clock_init
                0x20000484       0x18 CMakeFiles/STM32_NUCLEO_LL_Project_LCD_22_02_2025.dir/Core/Src/main.c.obj
                0x20000484                nt_clock_init
 .bss.testMs    0x2000049c        0x4 CMakeFiles/STM32_NUCLEO_LL_Project_LCD_22_02_2025.dir/Core/Src/main.c.obj
                0x2000049c                testMs
 .bss.enc_state_current
                0x200004a0        0x1 CMakeFiles/STM32_NUCLEO_LL_Project_LCD_22_02_2025.dir/Core/Src/nt_encoder.c.obj
 .bss.indent_value
                0x200004a1        0x1 CMakeFiles/STM32_NUCLEO_LL_Project_LCD_22_02_2025.dir/Core/Src/nt_encoder.c.obj
 .bss.enc_state
                0x200004a2        0x1 CMakeFiles/STM32_NUCLEO_LL_Project_LCD_22_02_2025.dir/Core/Src/nt_encoder.c.obj
 *fill*         0x200004a3        0x1 
 .bss.pin_DB4   0x200004a4       0x10 CMakeFiles/STM32_NUCLEO_LL_Project_LCD_22_02_2025.dir/Core/Src/nt_LCD_1602.c.obj
 .bss.pin_DB5   0x200004b4       0x10 CMakeFiles/STM32_NUCLEO_LL_Project_LCD_22_02_2025.dir/Core/Src/nt_LCD_1602.c.obj
 .bss.pin_DB6   0x200004c4       0x10 CMakeFiles/STM32_NUCLEO_LL_Project_LCD_22_02_2025.dir/Core/Src/nt_LCD_1602.c.obj
 .bss.pin_DB7   0x200004d4       0x10 CMakeFiles/STM32_NUCLEO_LL_Project_LCD_22_02_2025.dir/Core/Src/nt_LCD_1602.c.obj
 .bss.pin_Enable
                0x200004e4       0x10 CMakeFiles/STM32_NUCLEO_LL_Project_LCD_22_02_2025.dir/Core/Src/nt_LCD_1602.c.obj
 .bss.pin_RW    0x200004f4       0x10 CMakeFiles/STM32_NUCLEO_LL_Project_LCD_22_02_2025.dir/Core/Src/nt_LCD_1602.c.obj
 .bss.pin_RS    0x20000504       0x10 CMakeFiles/STM32_NUCLEO_LL_Project_LCD_22_02_2025.dir/Core/Src/nt_LCD_1602.c.obj
 .bss.__sbrk_heap_end
                0x20000514        0x4 CMakeFiles/STM32_NUCLEO_LL_Project_LCD_22_02_2025.dir/Core/Src/sysmem.c.obj
 .bss.lwprintf_default
                0x20000518        0x4 CMakeFiles/STM32_NUCLEO_LL_Project_LCD_22_02_2025.dir/lwprintf/src/lwprintf/lwprintf.c.obj
 *(COMMON)
                0x2000051c                        . = ALIGN (0x4)
                0x2000051c                        _ebss = .
                0x2000051c                        __bss_end__ = _ebss

._user_heap_stack
                0x2000051c      0x604 load address 0x08006660
                0x20000520                        . = ALIGN (0x8)
 *fill*         0x2000051c        0x4 
                [!provide]                        PROVIDE (end = .)
                0x20000520                        PROVIDE (_end = .)
                0x20000720                        . = (. + _Min_Heap_Size)
 *fill*         0x20000520      0x200 
                0x20000b20                        . = (. + _Min_Stack_Size)
 *fill*         0x20000720      0x400 
                0x20000b20                        . = ALIGN (0x8)

/DISCARD/
 libc.a(*)
 libm.a(*)
 libgcc.a(*)

.ARM.attributes
                0x00000000       0x29
 *(.ARM.attributes)
 .ARM.attributes
                0x00000000       0x1d C:/ST/STM32CubeCLT_1.16.0/GNU-tools-for-STM32/bin/../lib/gcc/arm-none-eabi/12.3.1/thumb/v7-m/nofp/crti.o
 .ARM.attributes
                0x0000001d       0x2d C:/ST/STM32CubeCLT_1.16.0/GNU-tools-for-STM32/bin/../lib/gcc/arm-none-eabi/12.3.1/thumb/v7-m/nofp/crtbegin.o
 .ARM.attributes
                0x0000004a       0x2d C:/ST/STM32CubeCLT_1.16.0/GNU-tools-for-STM32/bin/../lib/gcc/arm-none-eabi/12.3.1/../../../../arm-none-eabi/lib/thumb/v7-m/nofp\libc_nano.a(libc_a-nano-vfprintf_float.o)
 .ARM.attributes
                0x00000077       0x2d C:/ST/STM32CubeCLT_1.16.0/GNU-tools-for-STM32/bin/../lib/gcc/arm-none-eabi/12.3.1/../../../../arm-none-eabi/lib/thumb/v7-m/nofp\libc_nano.a(libc_a-nano-vfprintf_i.o)
 .ARM.attributes
                0x000000a4       0x2d C:/ST/STM32CubeCLT_1.16.0/GNU-tools-for-STM32/bin/../lib/gcc/arm-none-eabi/12.3.1/../../../../arm-none-eabi/lib/thumb/v7-m/nofp\libc_nano.a(libc_a-findfp.o)
 .ARM.attributes
                0x000000d1       0x2d C:/ST/STM32CubeCLT_1.16.0/GNU-tools-for-STM32/bin/../lib/gcc/arm-none-eabi/12.3.1/../../../../arm-none-eabi/lib/thumb/v7-m/nofp\libc_nano.a(libc_a-fwalk.o)
 .ARM.attributes
                0x000000fe       0x2d C:/ST/STM32CubeCLT_1.16.0/GNU-tools-for-STM32/bin/../lib/gcc/arm-none-eabi/12.3.1/../../../../arm-none-eabi/lib/thumb/v7-m/nofp\libc_nano.a(libc_a-stdio.o)
 .ARM.attributes
                0x0000012b       0x2d C:/ST/STM32CubeCLT_1.16.0/GNU-tools-for-STM32/bin/../lib/gcc/arm-none-eabi/12.3.1/../../../../arm-none-eabi/lib/thumb/v7-m/nofp\libc_nano.a(libc_a-memset.o)
 .ARM.attributes
                0x00000158       0x2d C:/ST/STM32CubeCLT_1.16.0/GNU-tools-for-STM32/bin/../lib/gcc/arm-none-eabi/12.3.1/../../../../arm-none-eabi/lib/thumb/v7-m/nofp\libc_nano.a(libc_a-localeconv.o)
 .ARM.attributes
                0x00000185       0x2d C:/ST/STM32CubeCLT_1.16.0/GNU-tools-for-STM32/bin/../lib/gcc/arm-none-eabi/12.3.1/../../../../arm-none-eabi/lib/thumb/v7-m/nofp\libc_nano.a(libc_a-closer.o)
 .ARM.attributes
                0x000001b2       0x2d C:/ST/STM32CubeCLT_1.16.0/GNU-tools-for-STM32/bin/../lib/gcc/arm-none-eabi/12.3.1/../../../../arm-none-eabi/lib/thumb/v7-m/nofp\libc_nano.a(libc_a-reent.o)
 .ARM.attributes
                0x000001df       0x2d C:/ST/STM32CubeCLT_1.16.0/GNU-tools-for-STM32/bin/../lib/gcc/arm-none-eabi/12.3.1/../../../../arm-none-eabi/lib/thumb/v7-m/nofp\libc_nano.a(libc_a-impure.o)
 .ARM.attributes
                0x0000020c       0x2d C:/ST/STM32CubeCLT_1.16.0/GNU-tools-for-STM32/bin/../lib/gcc/arm-none-eabi/12.3.1/../../../../arm-none-eabi/lib/thumb/v7-m/nofp\libc_nano.a(libc_a-lseekr.o)
 .ARM.attributes
                0x00000239       0x2d C:/ST/STM32CubeCLT_1.16.0/GNU-tools-for-STM32/bin/../lib/gcc/arm-none-eabi/12.3.1/../../../../arm-none-eabi/lib/thumb/v7-m/nofp\libc_nano.a(libc_a-readr.o)
 .ARM.attributes
                0x00000266       0x2d C:/ST/STM32CubeCLT_1.16.0/GNU-tools-for-STM32/bin/../lib/gcc/arm-none-eabi/12.3.1/../../../../arm-none-eabi/lib/thumb/v7-m/nofp\libc_nano.a(libc_a-writer.o)
 .ARM.attributes
                0x00000293       0x2d C:/ST/STM32CubeCLT_1.16.0/GNU-tools-for-STM32/bin/../lib/gcc/arm-none-eabi/12.3.1/../../../../arm-none-eabi/lib/thumb/v7-m/nofp\libc_nano.a(libc_a-init.o)
 .ARM.attributes
                0x000002c0       0x2d C:/ST/STM32CubeCLT_1.16.0/GNU-tools-for-STM32/bin/../lib/gcc/arm-none-eabi/12.3.1/../../../../arm-none-eabi/lib/thumb/v7-m/nofp\libc_nano.a(libc_a-lock.o)
 .ARM.attributes
                0x000002ed       0x2d C:/ST/STM32CubeCLT_1.16.0/GNU-tools-for-STM32/bin/../lib/gcc/arm-none-eabi/12.3.1/../../../../arm-none-eabi/lib/thumb/v7-m/nofp\libc_nano.a(libc_a-memchr-stub.o)
 .ARM.attributes
                0x0000031a       0x17 C:/ST/STM32CubeCLT_1.16.0/GNU-tools-for-STM32/bin/../lib/gcc/arm-none-eabi/12.3.1/../../../../arm-none-eabi/lib/thumb/v7-m/nofp\libc_nano.a(libc_a-strlen.o)
 .ARM.attributes
                0x00000331       0x2d C:/ST/STM32CubeCLT_1.16.0/GNU-tools-for-STM32/bin/../lib/gcc/arm-none-eabi/12.3.1/../../../../arm-none-eabi/lib/thumb/v7-m/nofp\libc_nano.a(libc_a-dtoa.o)
 .ARM.attributes
                0x0000035e       0x2d C:/ST/STM32CubeCLT_1.16.0/GNU-tools-for-STM32/bin/../lib/gcc/arm-none-eabi/12.3.1/../../../../arm-none-eabi/lib/thumb/v7-m/nofp\libc_nano.a(libc_a-freer.o)
 .ARM.attributes
                0x0000038b       0x2d C:/ST/STM32CubeCLT_1.16.0/GNU-tools-for-STM32/bin/../lib/gcc/arm-none-eabi/12.3.1/../../../../arm-none-eabi/lib/thumb/v7-m/nofp\libc_nano.a(libc_a-malloc.o)
 .ARM.attributes
                0x000003b8       0x2d C:/ST/STM32CubeCLT_1.16.0/GNU-tools-for-STM32/bin/../lib/gcc/arm-none-eabi/12.3.1/../../../../arm-none-eabi/lib/thumb/v7-m/nofp\libc_nano.a(libc_a-mallocr.o)
 .ARM.attributes
                0x000003e5       0x2d C:/ST/STM32CubeCLT_1.16.0/GNU-tools-for-STM32/bin/../lib/gcc/arm-none-eabi/12.3.1/../../../../arm-none-eabi/lib/thumb/v7-m/nofp\libc_nano.a(libc_a-mlock.o)
 .ARM.attributes
                0x00000412       0x2d C:/ST/STM32CubeCLT_1.16.0/GNU-tools-for-STM32/bin/../lib/gcc/arm-none-eabi/12.3.1/../../../../arm-none-eabi/lib/thumb/v7-m/nofp\libc_nano.a(libc_a-mprec.o)
 .ARM.attributes
                0x0000043f       0x2d C:/ST/STM32CubeCLT_1.16.0/GNU-tools-for-STM32/bin/../lib/gcc/arm-none-eabi/12.3.1/../../../../arm-none-eabi/lib/thumb/v7-m/nofp\libc_nano.a(libc_a-fflush.o)
 .ARM.attributes
                0x0000046c       0x2d C:/ST/STM32CubeCLT_1.16.0/GNU-tools-for-STM32/bin/../lib/gcc/arm-none-eabi/12.3.1/../../../../arm-none-eabi/lib/thumb/v7-m/nofp\libc_nano.a(libc_a-locale.o)
 .ARM.attributes
                0x00000499       0x2d C:/ST/STM32CubeCLT_1.16.0/GNU-tools-for-STM32/bin/../lib/gcc/arm-none-eabi/12.3.1/../../../../arm-none-eabi/lib/thumb/v7-m/nofp\libc_nano.a(libc_a-sbrkr.o)
 .ARM.attributes
                0x000004c6       0x2d C:/ST/STM32CubeCLT_1.16.0/GNU-tools-for-STM32/bin/../lib/gcc/arm-none-eabi/12.3.1/../../../../arm-none-eabi/lib/thumb/v7-m/nofp\libc_nano.a(libc_a-memcpy-stub.o)
 .ARM.attributes
                0x000004f3       0x2d C:/ST/STM32CubeCLT_1.16.0/GNU-tools-for-STM32/bin/../lib/gcc/arm-none-eabi/12.3.1/../../../../arm-none-eabi/lib/thumb/v7-m/nofp\libc_nano.a(libc_a-assert.o)
 .ARM.attributes
                0x00000520       0x2d C:/ST/STM32CubeCLT_1.16.0/GNU-tools-for-STM32/bin/../lib/gcc/arm-none-eabi/12.3.1/../../../../arm-none-eabi/lib/thumb/v7-m/nofp\libc_nano.a(libc_a-callocr.o)
 .ARM.attributes
                0x0000054d       0x2d C:/ST/STM32CubeCLT_1.16.0/GNU-tools-for-STM32/bin/../lib/gcc/arm-none-eabi/12.3.1/../../../../arm-none-eabi/lib/thumb/v7-m/nofp\libc_nano.a(libc_a-mbtowc_r.o)
 .ARM.attributes
                0x0000057a       0x2d C:/ST/STM32CubeCLT_1.16.0/GNU-tools-for-STM32/bin/../lib/gcc/arm-none-eabi/12.3.1/../../../../arm-none-eabi/lib/thumb/v7-m/nofp\libc_nano.a(libc_a-wctomb_r.o)
 .ARM.attributes
                0x000005a7       0x2d C:/ST/STM32CubeCLT_1.16.0/GNU-tools-for-STM32/bin/../lib/gcc/arm-none-eabi/12.3.1/../../../../arm-none-eabi/lib/thumb/v7-m/nofp\libc_nano.a(libc_a-ctype_.o)
 .ARM.attributes
                0x000005d4       0x2d C:/ST/STM32CubeCLT_1.16.0/GNU-tools-for-STM32/bin/../lib/gcc/arm-none-eabi/12.3.1/../../../../arm-none-eabi/lib/thumb/v7-m/nofp\libc_nano.a(libc_a-fprintf.o)
 .ARM.attributes
                0x00000601       0x2d C:/ST/STM32CubeCLT_1.16.0/GNU-tools-for-STM32/bin/../lib/gcc/arm-none-eabi/12.3.1/../../../../arm-none-eabi/lib/thumb/v7-m/nofp\libc_nano.a(libc_a-abort.o)
 .ARM.attributes
                0x0000062e       0x2d C:/ST/STM32CubeCLT_1.16.0/GNU-tools-for-STM32/bin/../lib/gcc/arm-none-eabi/12.3.1/../../../../arm-none-eabi/lib/thumb/v7-m/nofp\libc_nano.a(libc_a-nano-vfprintf.o)
 .ARM.attributes
                0x0000065b       0x2d C:/ST/STM32CubeCLT_1.16.0/GNU-tools-for-STM32/bin/../lib/gcc/arm-none-eabi/12.3.1/../../../../arm-none-eabi/lib/thumb/v7-m/nofp\libc_nano.a(libc_a-wbuf.o)
 .ARM.attributes
                0x00000688       0x2d C:/ST/STM32CubeCLT_1.16.0/GNU-tools-for-STM32/bin/../lib/gcc/arm-none-eabi/12.3.1/../../../../arm-none-eabi/lib/thumb/v7-m/nofp\libc_nano.a(libc_a-wsetup.o)
 .ARM.attributes
                0x000006b5       0x2d C:/ST/STM32CubeCLT_1.16.0/GNU-tools-for-STM32/bin/../lib/gcc/arm-none-eabi/12.3.1/../../../../arm-none-eabi/lib/thumb/v7-m/nofp\libc_nano.a(libc_a-signal.o)
 .ARM.attributes
                0x000006e2       0x2d C:/ST/STM32CubeCLT_1.16.0/GNU-tools-for-STM32/bin/../lib/gcc/arm-none-eabi/12.3.1/../../../../arm-none-eabi/lib/thumb/v7-m/nofp\libc_nano.a(libc_a-signalr.o)
 .ARM.attributes
                0x0000070f       0x2d C:/ST/STM32CubeCLT_1.16.0/GNU-tools-for-STM32/bin/../lib/gcc/arm-none-eabi/12.3.1/../../../../arm-none-eabi/lib/thumb/v7-m/nofp\libc_nano.a(libc_a-makebuf.o)
 .ARM.attributes
                0x0000073c       0x2d C:/ST/STM32CubeCLT_1.16.0/GNU-tools-for-STM32/bin/../lib/gcc/arm-none-eabi/12.3.1/../../../../arm-none-eabi/lib/thumb/v7-m/nofp\libc_nano.a(libc_a-fstatr.o)
 .ARM.attributes
                0x00000769       0x2d C:/ST/STM32CubeCLT_1.16.0/GNU-tools-for-STM32/bin/../lib/gcc/arm-none-eabi/12.3.1/../../../../arm-none-eabi/lib/thumb/v7-m/nofp\libc_nano.a(libc_a-isattyr.o)
 .ARM.attributes
                0x00000796       0x2d CMakeFiles/STM32_NUCLEO_LL_Project_LCD_22_02_2025.dir/Core/Src/main.c.obj
 .ARM.attributes
                0x000007c3       0x2d CMakeFiles/STM32_NUCLEO_LL_Project_LCD_22_02_2025.dir/Core/Src/nt_encoder.c.obj
 .ARM.attributes
                0x000007f0       0x2d CMakeFiles/STM32_NUCLEO_LL_Project_LCD_22_02_2025.dir/Core/Src/nt_debounce.c.obj
 .ARM.attributes
                0x0000081d       0x2d CMakeFiles/STM32_NUCLEO_LL_Project_LCD_22_02_2025.dir/Core/Src/nt_time_utils.c.obj
 .ARM.attributes
                0x0000084a       0x2d CMakeFiles/STM32_NUCLEO_LL_Project_LCD_22_02_2025.dir/Core/Src/nt_system_init.c.obj
 .ARM.attributes
                0x00000877       0x2d CMakeFiles/STM32_NUCLEO_LL_Project_LCD_22_02_2025.dir/Core/Src/nt_time.c.obj
 .ARM.attributes
                0x000008a4       0x2d CMakeFiles/STM32_NUCLEO_LL_Project_LCD_22_02_2025.dir/Core/Src/nt_gpio.c.obj
 .ARM.attributes
                0x000008d1       0x2d CMakeFiles/STM32_NUCLEO_LL_Project_LCD_22_02_2025.dir/Core/Src/nt_usart.c.obj
 .ARM.attributes
                0x000008fe       0x2d CMakeFiles/STM32_NUCLEO_LL_Project_LCD_22_02_2025.dir/Core/Src/nt_LCD_1602.c.obj
 .ARM.attributes
                0x0000092b       0x2d CMakeFiles/STM32_NUCLEO_LL_Project_LCD_22_02_2025.dir/Core/Src/stm32f1xx_it.c.obj
 .ARM.attributes
                0x00000958       0x2d CMakeFiles/STM32_NUCLEO_LL_Project_LCD_22_02_2025.dir/Core/Src/syscalls.c.obj
 .ARM.attributes
                0x00000985       0x2d CMakeFiles/STM32_NUCLEO_LL_Project_LCD_22_02_2025.dir/Core/Src/sysmem.c.obj
 .ARM.attributes
                0x000009b2       0x2d CMakeFiles/STM32_NUCLEO_LL_Project_LCD_22_02_2025.dir/Core/Src/system_stm32f1xx.c.obj
 .ARM.attributes
                0x000009df       0x21 CMakeFiles/STM32_NUCLEO_LL_Project_LCD_22_02_2025.dir/Core/Startup/startup_stm32f103rbtx.s.obj
 .ARM.attributes
                0x00000a00       0x2d CMakeFiles/STM32_NUCLEO_LL_Project_LCD_22_02_2025.dir/Drivers/STM32F1xx_HAL_Driver/Src/stm32f1xx_ll_gpio.c.obj
 .ARM.attributes
                0x00000a2d       0x2d CMakeFiles/STM32_NUCLEO_LL_Project_LCD_22_02_2025.dir/Drivers/STM32F1xx_HAL_Driver/Src/stm32f1xx_ll_rcc.c.obj
 .ARM.attributes
                0x00000a5a       0x2d CMakeFiles/STM32_NUCLEO_LL_Project_LCD_22_02_2025.dir/Drivers/STM32F1xx_HAL_Driver/Src/stm32f1xx_ll_tim.c.obj
 .ARM.attributes
                0x00000a87       0x2d CMakeFiles/STM32_NUCLEO_LL_Project_LCD_22_02_2025.dir/Drivers/STM32F1xx_HAL_Driver/Src/stm32f1xx_ll_usart.c.obj
 .ARM.attributes
                0x00000ab4       0x2d CMakeFiles/STM32_NUCLEO_LL_Project_LCD_22_02_2025.dir/Drivers/STM32F1xx_HAL_Driver/Src/stm32f1xx_ll_utils.c.obj
 .ARM.attributes
                0x00000ae1       0x2d CMakeFiles/STM32_NUCLEO_LL_Project_LCD_22_02_2025.dir/lwprintf/src/lwprintf/lwprintf.c.obj
 .ARM.attributes
                0x00000b0e       0x1d C:/ST/STM32CubeCLT_1.16.0/GNU-tools-for-STM32/bin/../lib/gcc/arm-none-eabi/12.3.1/thumb/v7-m/nofp\libgcc.a(_arm_addsubdf3.o)
 .ARM.attributes
                0x00000b2b       0x1d C:/ST/STM32CubeCLT_1.16.0/GNU-tools-for-STM32/bin/../lib/gcc/arm-none-eabi/12.3.1/thumb/v7-m/nofp\libgcc.a(_arm_muldivdf3.o)
 .ARM.attributes
                0x00000b48       0x1d C:/ST/STM32CubeCLT_1.16.0/GNU-tools-for-STM32/bin/../lib/gcc/arm-none-eabi/12.3.1/thumb/v7-m/nofp\libgcc.a(_arm_cmpdf2.o)
 .ARM.attributes
                0x00000b65       0x1d C:/ST/STM32CubeCLT_1.16.0/GNU-tools-for-STM32/bin/../lib/gcc/arm-none-eabi/12.3.1/thumb/v7-m/nofp\libgcc.a(_arm_unorddf2.o)
 .ARM.attributes
                0x00000b82       0x1d C:/ST/STM32CubeCLT_1.16.0/GNU-tools-for-STM32/bin/../lib/gcc/arm-none-eabi/12.3.1/thumb/v7-m/nofp\libgcc.a(_arm_fixdfsi.o)
 .ARM.attributes
                0x00000b9f       0x1d C:/ST/STM32CubeCLT_1.16.0/GNU-tools-for-STM32/bin/../lib/gcc/arm-none-eabi/12.3.1/thumb/v7-m/nofp\libgcc.a(_aeabi_uldivmod.o)
 .ARM.attributes
                0x00000bbc       0x2d C:/ST/STM32CubeCLT_1.16.0/GNU-tools-for-STM32/bin/../lib/gcc/arm-none-eabi/12.3.1/thumb/v7-m/nofp\libgcc.a(_fixdfdi.o)
 .ARM.attributes
                0x00000be9       0x2d C:/ST/STM32CubeCLT_1.16.0/GNU-tools-for-STM32/bin/../lib/gcc/arm-none-eabi/12.3.1/thumb/v7-m/nofp\libgcc.a(_fixunsdfdi.o)
 .ARM.attributes
                0x00000c16       0x2d C:/ST/STM32CubeCLT_1.16.0/GNU-tools-for-STM32/bin/../lib/gcc/arm-none-eabi/12.3.1/thumb/v7-m/nofp\libgcc.a(_udivmoddi4.o)
 .ARM.attributes
                0x00000c43       0x1d C:/ST/STM32CubeCLT_1.16.0/GNU-tools-for-STM32/bin/../lib/gcc/arm-none-eabi/12.3.1/thumb/v7-m/nofp\libgcc.a(_dvmd_tls.o)
 .ARM.attributes
                0x00000c60       0x1d C:/ST/STM32CubeCLT_1.16.0/GNU-tools-for-STM32/bin/../lib/gcc/arm-none-eabi/12.3.1/thumb/v7-m/nofp\libgcc.a(_arm_fixunsdfsi.o)
 .ARM.attributes
                0x00000c7d       0x2d C:/ST/STM32CubeCLT_1.16.0/GNU-tools-for-STM32/bin/../lib/gcc/arm-none-eabi/12.3.1/../../../../arm-none-eabi/lib/thumb/v7-m/nofp\libc_nano.a(libc_a-strnlen.o)
 .ARM.attributes
                0x00000caa       0x2d C:/ST/STM32CubeCLT_1.16.0/GNU-tools-for-STM32/bin/../lib/gcc/arm-none-eabi/12.3.1/../../../../arm-none-eabi/lib/thumb/v7-m/nofp\libc_nano.a(libc_a-errno.o)
 .ARM.attributes
                0x00000cd7       0x1d C:/ST/STM32CubeCLT_1.16.0/GNU-tools-for-STM32/bin/../lib/gcc/arm-none-eabi/12.3.1/thumb/v7-m/nofp/crtn.o
OUTPUT(STM32_NUCLEO_LL_Project_LCD_22_02_2025.elf elf32-littlearm)
LOAD linker stubs
LOAD C:/ST/STM32CubeCLT_1.16.0/GNU-tools-for-STM32/bin/../lib/gcc/arm-none-eabi/12.3.1/../../../../arm-none-eabi/lib/thumb/v7-m/nofp\libc.a
LOAD C:/ST/STM32CubeCLT_1.16.0/GNU-tools-for-STM32/bin/../lib/gcc/arm-none-eabi/12.3.1/../../../../arm-none-eabi/lib/thumb/v7-m/nofp\libm.a
LOAD C:/ST/STM32CubeCLT_1.16.0/GNU-tools-for-STM32/bin/../lib/gcc/arm-none-eabi/12.3.1/thumb/v7-m/nofp\libgcc.a

.debug_frame    0x00000000     0x2158
 .debug_frame   0x00000000       0x90 C:/ST/STM32CubeCLT_1.16.0/GNU-tools-for-STM32/bin/../lib/gcc/arm-none-eabi/12.3.1/../../../../arm-none-eabi/lib/thumb/v7-m/nofp\libc_nano.a(libc_a-nano-vfprintf_float.o)
 .debug_frame   0x00000090       0x60 C:/ST/STM32CubeCLT_1.16.0/GNU-tools-for-STM32/bin/../lib/gcc/arm-none-eabi/12.3.1/../../../../arm-none-eabi/lib/thumb/v7-m/nofp\libc_nano.a(libc_a-nano-vfprintf_i.o)
 .debug_frame   0x000000f0      0x144 C:/ST/STM32CubeCLT_1.16.0/GNU-tools-for-STM32/bin/../lib/gcc/arm-none-eabi/12.3.1/../../../../arm-none-eabi/lib/thumb/v7-m/nofp\libc_nano.a(libc_a-findfp.o)
 .debug_frame   0x00000234       0x34 C:/ST/STM32CubeCLT_1.16.0/GNU-tools-for-STM32/bin/../lib/gcc/arm-none-eabi/12.3.1/../../../../arm-none-eabi/lib/thumb/v7-m/nofp\libc_nano.a(libc_a-fwalk.o)
 .debug_frame   0x00000268       0x88 C:/ST/STM32CubeCLT_1.16.0/GNU-tools-for-STM32/bin/../lib/gcc/arm-none-eabi/12.3.1/../../../../arm-none-eabi/lib/thumb/v7-m/nofp\libc_nano.a(libc_a-stdio.o)
 .debug_frame   0x000002f0       0x20 C:/ST/STM32CubeCLT_1.16.0/GNU-tools-for-STM32/bin/../lib/gcc/arm-none-eabi/12.3.1/../../../../arm-none-eabi/lib/thumb/v7-m/nofp\libc_nano.a(libc_a-memset.o)
 .debug_frame   0x00000310       0x40 C:/ST/STM32CubeCLT_1.16.0/GNU-tools-for-STM32/bin/../lib/gcc/arm-none-eabi/12.3.1/../../../../arm-none-eabi/lib/thumb/v7-m/nofp\libc_nano.a(libc_a-localeconv.o)
 .debug_frame   0x00000350       0x2c C:/ST/STM32CubeCLT_1.16.0/GNU-tools-for-STM32/bin/../lib/gcc/arm-none-eabi/12.3.1/../../../../arm-none-eabi/lib/thumb/v7-m/nofp\libc_nano.a(libc_a-closer.o)
 .debug_frame   0x0000037c       0x38 C:/ST/STM32CubeCLT_1.16.0/GNU-tools-for-STM32/bin/../lib/gcc/arm-none-eabi/12.3.1/../../../../arm-none-eabi/lib/thumb/v7-m/nofp\libc_nano.a(libc_a-reent.o)
 .debug_frame   0x000003b4       0x2c C:/ST/STM32CubeCLT_1.16.0/GNU-tools-for-STM32/bin/../lib/gcc/arm-none-eabi/12.3.1/../../../../arm-none-eabi/lib/thumb/v7-m/nofp\libc_nano.a(libc_a-lseekr.o)
 .debug_frame   0x000003e0       0x2c C:/ST/STM32CubeCLT_1.16.0/GNU-tools-for-STM32/bin/../lib/gcc/arm-none-eabi/12.3.1/../../../../arm-none-eabi/lib/thumb/v7-m/nofp\libc_nano.a(libc_a-readr.o)
 .debug_frame   0x0000040c       0x2c C:/ST/STM32CubeCLT_1.16.0/GNU-tools-for-STM32/bin/../lib/gcc/arm-none-eabi/12.3.1/../../../../arm-none-eabi/lib/thumb/v7-m/nofp\libc_nano.a(libc_a-writer.o)
 .debug_frame   0x00000438       0x2c C:/ST/STM32CubeCLT_1.16.0/GNU-tools-for-STM32/bin/../lib/gcc/arm-none-eabi/12.3.1/../../../../arm-none-eabi/lib/thumb/v7-m/nofp\libc_nano.a(libc_a-init.o)
 .debug_frame   0x00000464       0xb0 C:/ST/STM32CubeCLT_1.16.0/GNU-tools-for-STM32/bin/../lib/gcc/arm-none-eabi/12.3.1/../../../../arm-none-eabi/lib/thumb/v7-m/nofp\libc_nano.a(libc_a-lock.o)
 .debug_frame   0x00000514       0x28 C:/ST/STM32CubeCLT_1.16.0/GNU-tools-for-STM32/bin/../lib/gcc/arm-none-eabi/12.3.1/../../../../arm-none-eabi/lib/thumb/v7-m/nofp\libc_nano.a(libc_a-memchr-stub.o)
 .debug_frame   0x0000053c       0x70 C:/ST/STM32CubeCLT_1.16.0/GNU-tools-for-STM32/bin/../lib/gcc/arm-none-eabi/12.3.1/../../../../arm-none-eabi/lib/thumb/v7-m/nofp\libc_nano.a(libc_a-dtoa.o)
 .debug_frame   0x000005ac       0x38 C:/ST/STM32CubeCLT_1.16.0/GNU-tools-for-STM32/bin/../lib/gcc/arm-none-eabi/12.3.1/../../../../arm-none-eabi/lib/thumb/v7-m/nofp\libc_nano.a(libc_a-freer.o)
 .debug_frame   0x000005e4       0x30 C:/ST/STM32CubeCLT_1.16.0/GNU-tools-for-STM32/bin/../lib/gcc/arm-none-eabi/12.3.1/../../../../arm-none-eabi/lib/thumb/v7-m/nofp\libc_nano.a(libc_a-malloc.o)
 .debug_frame   0x00000614       0x50 C:/ST/STM32CubeCLT_1.16.0/GNU-tools-for-STM32/bin/../lib/gcc/arm-none-eabi/12.3.1/../../../../arm-none-eabi/lib/thumb/v7-m/nofp\libc_nano.a(libc_a-mallocr.o)
 .debug_frame   0x00000664       0x30 C:/ST/STM32CubeCLT_1.16.0/GNU-tools-for-STM32/bin/../lib/gcc/arm-none-eabi/12.3.1/../../../../arm-none-eabi/lib/thumb/v7-m/nofp\libc_nano.a(libc_a-mlock.o)
 .debug_frame   0x00000694      0x258 C:/ST/STM32CubeCLT_1.16.0/GNU-tools-for-STM32/bin/../lib/gcc/arm-none-eabi/12.3.1/../../../../arm-none-eabi/lib/thumb/v7-m/nofp\libc_nano.a(libc_a-mprec.o)
 .debug_frame   0x000008ec       0x5c C:/ST/STM32CubeCLT_1.16.0/GNU-tools-for-STM32/bin/../lib/gcc/arm-none-eabi/12.3.1/../../../../arm-none-eabi/lib/thumb/v7-m/nofp\libc_nano.a(libc_a-fflush.o)
 .debug_frame   0x00000948       0x48 C:/ST/STM32CubeCLT_1.16.0/GNU-tools-for-STM32/bin/../lib/gcc/arm-none-eabi/12.3.1/../../../../arm-none-eabi/lib/thumb/v7-m/nofp\libc_nano.a(libc_a-locale.o)
 .debug_frame   0x00000990       0x2c C:/ST/STM32CubeCLT_1.16.0/GNU-tools-for-STM32/bin/../lib/gcc/arm-none-eabi/12.3.1/../../../../arm-none-eabi/lib/thumb/v7-m/nofp\libc_nano.a(libc_a-sbrkr.o)
 .debug_frame   0x000009bc       0x28 C:/ST/STM32CubeCLT_1.16.0/GNU-tools-for-STM32/bin/../lib/gcc/arm-none-eabi/12.3.1/../../../../arm-none-eabi/lib/thumb/v7-m/nofp\libc_nano.a(libc_a-memcpy-stub.o)
 .debug_frame   0x000009e4       0x40 C:/ST/STM32CubeCLT_1.16.0/GNU-tools-for-STM32/bin/../lib/gcc/arm-none-eabi/12.3.1/../../../../arm-none-eabi/lib/thumb/v7-m/nofp\libc_nano.a(libc_a-assert.o)
 .debug_frame   0x00000a24       0x2c C:/ST/STM32CubeCLT_1.16.0/GNU-tools-for-STM32/bin/../lib/gcc/arm-none-eabi/12.3.1/../../../../arm-none-eabi/lib/thumb/v7-m/nofp\libc_nano.a(libc_a-callocr.o)
 .debug_frame   0x00000a50       0x48 C:/ST/STM32CubeCLT_1.16.0/GNU-tools-for-STM32/bin/../lib/gcc/arm-none-eabi/12.3.1/../../../../arm-none-eabi/lib/thumb/v7-m/nofp\libc_nano.a(libc_a-mbtowc_r.o)
 .debug_frame   0x00000a98       0x3c C:/ST/STM32CubeCLT_1.16.0/GNU-tools-for-STM32/bin/../lib/gcc/arm-none-eabi/12.3.1/../../../../arm-none-eabi/lib/thumb/v7-m/nofp\libc_nano.a(libc_a-wctomb_r.o)
 .debug_frame   0x00000ad4       0x64 C:/ST/STM32CubeCLT_1.16.0/GNU-tools-for-STM32/bin/../lib/gcc/arm-none-eabi/12.3.1/../../../../arm-none-eabi/lib/thumb/v7-m/nofp\libc_nano.a(libc_a-fprintf.o)
 .debug_frame   0x00000b38       0x28 C:/ST/STM32CubeCLT_1.16.0/GNU-tools-for-STM32/bin/../lib/gcc/arm-none-eabi/12.3.1/../../../../arm-none-eabi/lib/thumb/v7-m/nofp\libc_nano.a(libc_a-abort.o)
 .debug_frame   0x00000b60       0xa8 C:/ST/STM32CubeCLT_1.16.0/GNU-tools-for-STM32/bin/../lib/gcc/arm-none-eabi/12.3.1/../../../../arm-none-eabi/lib/thumb/v7-m/nofp\libc_nano.a(libc_a-nano-vfprintf.o)
 .debug_frame   0x00000c08       0x40 C:/ST/STM32CubeCLT_1.16.0/GNU-tools-for-STM32/bin/../lib/gcc/arm-none-eabi/12.3.1/../../../../arm-none-eabi/lib/thumb/v7-m/nofp\libc_nano.a(libc_a-wbuf.o)
 .debug_frame   0x00000c48       0x2c C:/ST/STM32CubeCLT_1.16.0/GNU-tools-for-STM32/bin/../lib/gcc/arm-none-eabi/12.3.1/../../../../arm-none-eabi/lib/thumb/v7-m/nofp\libc_nano.a(libc_a-wsetup.o)
 .debug_frame   0x00000c74       0xcc C:/ST/STM32CubeCLT_1.16.0/GNU-tools-for-STM32/bin/../lib/gcc/arm-none-eabi/12.3.1/../../../../arm-none-eabi/lib/thumb/v7-m/nofp\libc_nano.a(libc_a-signal.o)
 .debug_frame   0x00000d40       0x3c C:/ST/STM32CubeCLT_1.16.0/GNU-tools-for-STM32/bin/../lib/gcc/arm-none-eabi/12.3.1/../../../../arm-none-eabi/lib/thumb/v7-m/nofp\libc_nano.a(libc_a-signalr.o)
 .debug_frame   0x00000d7c       0x58 C:/ST/STM32CubeCLT_1.16.0/GNU-tools-for-STM32/bin/../lib/gcc/arm-none-eabi/12.3.1/../../../../arm-none-eabi/lib/thumb/v7-m/nofp\libc_nano.a(libc_a-makebuf.o)